BASELINE-START 2026-09-16T13:06:21Z host=ravindra-mbp python=3.13.15 head=c46d4b3f3371e41408aed19e54476fa194c20b42
== RUN 1 validate 2026-09-16T13:06:21Z
RUN=1 STAGE=validate exit=0 wall_s=0.96
== RUN 1 tests 2026-09-16T13:06:22Z
RUN=1 STAGE=tests exit=0 wall_s=286.25
wrote assets/badges/tests.json: 2 in source
wrote assets/badges/missions.json: 21
wrote assets/badges/tests.json: 0 in source
== RUN 1 proof_status 2026-09-16T13:11:08Z
RUN=1 STAGE=proof_status exit=0 wall_s=0.04
== RUN 2 validate 2026-09-16T13:11:08Z
RUN=2 STAGE=validate exit=0 wall_s=0.99
== RUN 2 tests 2026-09-16T13:11:09Z
RUN=2 STAGE=tests exit=0 wall_s=306.04
wrote assets/badges/tests.json: 2 in source
wrote assets/badges/missions.json: 21
wrote assets/badges/tests.json: 0 in source
== RUN 2 proof_status 2026-09-16T13:16:15Z
RUN=2 STAGE=proof_status exit=0 wall_s=0.04
== RUN 3 validate 2026-09-16T13:16:16Z
RUN=3 STAGE=validate exit=0 wall_s=0.96
== RUN 3 tests 2026-09-16T13:16:17Z
RUN=3 STAGE=tests exit=0 wall_s=272.43
wrote assets/badges/tests.json: 2 in source
wrote assets/badges/missions.json: 21
wrote assets/badges/tests.json: 0 in source
== RUN 3 proof_status 2026-09-16T13:20:49Z
RUN=3 STAGE=proof_status exit=0 wall_s=0.04
== RUN 4 validate 2026-09-16T13:20:49Z
RUN=4 STAGE=validate exit=0 wall_s=1.02
== RUN 4 tests 2026-09-16T13:20:50Z
RUN=4 STAGE=tests exit=0 wall_s=271.35
wrote assets/badges/tests.json: 2 in source
wrote assets/badges/missions.json: 21
wrote assets/badges/tests.json: 0 in source
== RUN 4 proof_status 2026-09-16T13:25:22Z
RUN=4 STAGE=proof_status exit=0 wall_s=0.04
== RUN 5 validate 2026-09-16T13:25:22Z
RUN=5 STAGE=validate exit=0 wall_s=0.99
== RUN 5 tests 2026-09-16T13:25:23Z
RUN=5 STAGE=tests exit=0 wall_s=272.9
wrote assets/badges/tests.json: 2 in source
wrote assets/badges/missions.json: 21
wrote assets/badges/tests.json: 0 in source
== RUN 5 proof_status 2026-09-16T13:29:56Z
RUN=5 STAGE=proof_status exit=0 wall_s=0.04
BASELINE-END 2026-09-16T13:29:56Z
