PROFILE-START 2026-09-16T13:30:24Z head=c46d4b3f3371e41408aed19e54476fa194c20b42
FILE=tests/test_architecture.py exit=0 wall_s=6.09 Ran 58 tests in 6.039s OK
FILE=tests/test_bind_check.py exit=0 wall_s=2.25 Ran 24 tests in 2.199s OK
FILE=tests/test_bundle.py exit=0 wall_s=27.83 Ran 14 tests in 27.765s OK
FILE=tests/test_call_for_runs.py exit=0 wall_s=0.05 Ran 5 tests in 0.001s OK
FILE=tests/test_decisions.py exit=0 wall_s=1.6 Ran 51 tests in 1.548s OK
FILE=tests/test_deny_hook.py exit=0 wall_s=51.7 Ran 140 tests in 51.645s OK
FILE=tests/test_diff_scope.py exit=0 wall_s=5.13 Ran 46 tests in 5.073s OK
FILE=tests/test_dispatch_sign.py exit=0 wall_s=0.57 Ran 12 tests in 0.504s OK
FILE=tests/test_docs_navigation.py exit=0 wall_s=15.71 Ran 34 tests in 15.657s OK
FILE=tests/test_ed25519.py exit=0 wall_s=1.31 Ran 12 tests in 1.269s OK
FILE=tests/test_egress.py exit=0 wall_s=2.5 Ran 33 tests in 2.441s OK
FILE=tests/test_evals.py exit=0 wall_s=3.81 Ran 109 tests in 3.748s OK
FILE=tests/test_evidence_run.py exit=0 wall_s=4.43 Ran 31 tests in 4.363s OK
FILE=tests/test_floor_guard.py exit=0 wall_s=7.31 Ran 53 tests in 7.246s OK
FILE=tests/test_gate_batch.py exit=0 wall_s=0.09 Ran 32 tests in 0.028s OK
FILE=tests/test_governance_commands.py exit=0 wall_s=4.07 Ran 12 tests in 4.031s OK
FILE=tests/test_guard_text.py exit=0 wall_s=1.09 Ran 32 tests in 1.041s OK
FILE=tests/test_hitl_loop.py exit=0 wall_s=0.11 Ran 18 tests in 0.063s OK
FILE=tests/test_inventory.py exit=0 wall_s=0.93 Ran 31 tests in 0.884s OK
FILE=tests/test_migration_walkthrough.py exit=0 wall_s=0.04 Ran 5 tests in 0.001s OK
FILE=tests/test_negative_control.py exit=0 wall_s=1.33 Ran 4 tests in 1.281s OK
FILE=tests/test_one_way_doors.py exit=0 wall_s=2.08 Ran 16 tests in 2.038s OK
FILE=tests/test_orphan_wiring.py exit=0 wall_s=0.1 Ran 58 tests in 0.055s OK
FILE=tests/test_pins.py exit=0 wall_s=0.05 Ran 8 tests in 0.003s OK
FILE=tests/test_pm.py exit=0 wall_s=0.04 Ran 13 tests in 0.001s OK
FILE=tests/test_preflight.py exit=0 wall_s=8.14 Ran 18 tests in 8.073s OK
FILE=tests/test_proof_status.py exit=0 wall_s=0.08 Ran 8 tests in 0.036s OK
FILE=tests/test_repo_hygiene.py exit=0 wall_s=0.35 Ran 20 tests in 0.303s OK
FILE=tests/test_run_report.py exit=0 wall_s=7.16 Ran 83 tests in 7.111s OK
FILE=tests/test_sandbox_doctor.py exit=0 wall_s=0.04 Ran 16 tests in 0.001s OK
FILE=tests/test_spawn_worker.py exit=0 wall_s=52.06 Ran 66 tests in 52.009s OK
FILE=tests/test_validate.py exit=0 wall_s=1.53 Ran 90 tests in 1.463s OK
FILE=tests/test_verify_gate.py exit=0 wall_s=9.82 Ran 27 tests in 9.774s OK
FILE=tests/test_verify.py exit=0 wall_s=37.04 Ran 243 tests in 36.981s OK
FILE=tests/test_vfbench_gate.py exit=0 wall_s=0.05 Ran 11 tests in 0.004s OK
FILE=tests/test_vfbench.py exit=0 wall_s=21.56 Ran 22 tests in 21.515s OK
FILE=tests/test_watchdog.py exit=0 wall_s=0.3 Ran 30 tests in 0.252s OK
FILE=tests/test_wire_docs.py exit=0 wall_s=0.17 Ran 5 tests in 0.124s OK
PROFILE-END 2026-09-16T13:35:05Z
