REBENCH-START 2026-09-16T13:51:32Z host=ravindra-mbp python=3.13.15 head=3383d06441fe9b4f644cb0a30685e3133f982ead
== RUN 1 validate 2026-09-16T13:51:32Z
RUN=1 STAGE=validate exit=0 wall_s=0.96
== RUN 1 tests 2026-09-16T13:51:33Z
RUN=1 STAGE=tests exit=0 wall_s=254.86
wrote assets/badges/tests.json: 2 in source
wrote assets/badges/missions.json: 21
wrote assets/badges/tests.json: 0 in source
== RUN 1 proof_status 2026-09-16T13:55:48Z
RUN=1 STAGE=proof_status exit=0 wall_s=0.04
== RUN 2 validate 2026-09-16T13:55:48Z
RUN=2 STAGE=validate exit=0 wall_s=0.98
== RUN 2 tests 2026-09-16T13:55:49Z
RUN=2 STAGE=tests exit=0 wall_s=250.06
wrote assets/badges/tests.json: 2 in source
wrote assets/badges/missions.json: 21
wrote assets/badges/tests.json: 0 in source
== RUN 2 proof_status 2026-09-16T13:59:59Z
RUN=2 STAGE=proof_status exit=0 wall_s=0.04
== RUN 3 validate 2026-09-16T13:59:59Z
RUN=3 STAGE=validate exit=0 wall_s=0.91
== RUN 3 tests 2026-09-16T14:00:00Z
RUN=3 STAGE=tests exit=0 wall_s=251.74
wrote assets/badges/tests.json: 2 in source
wrote assets/badges/missions.json: 21
wrote assets/badges/tests.json: 0 in source
== RUN 3 proof_status 2026-09-16T14:04:12Z
RUN=3 STAGE=proof_status exit=0 wall_s=0.04
== RUN 4 validate 2026-09-16T14:04:12Z
RUN=4 STAGE=validate exit=0 wall_s=0.91
== RUN 4 tests 2026-09-16T14:04:13Z
RUN=4 STAGE=tests exit=0 wall_s=250.01
wrote assets/badges/tests.json: 2 in source
wrote assets/badges/missions.json: 21
wrote assets/badges/tests.json: 0 in source
== RUN 4 proof_status 2026-09-16T14:08:23Z
RUN=4 STAGE=proof_status exit=0 wall_s=0.04
== RUN 5 validate 2026-09-16T14:08:23Z
RUN=5 STAGE=validate exit=0 wall_s=0.92
== RUN 5 tests 2026-09-16T14:08:24Z
RUN=5 STAGE=tests exit=0 wall_s=254.02
wrote assets/badges/tests.json: 2 in source
wrote assets/badges/missions.json: 21
wrote assets/badges/tests.json: 0 in source
== RUN 5 proof_status 2026-09-16T14:12:38Z
RUN=5 STAGE=proof_status exit=0 wall_s=0.04
REBENCH-END 2026-09-16T14:12:38Z
