LOOP-F1 start 2026-09-16T10:04:58Z N=500 host=Darwin 25.6.0 arm64 python=Python 3.13.15
.
----------------------------------------------------------------------
Ran 1 test in 0.159s

OK
.
----------------------------------------------------------------------
Ran 1 test in 0.159s

OK
.
----------------------------------------------------------------------
Ran 1 test in 0.165s

OK
.
----------------------------------------------------------------------
Ran 1 test in 0.157s

OK
.
----------------------------------------------------------------------
Ran 1 test in 0.172s

OK
.
----------------------------------------------------------------------
Ran 1 test in 0.163s

OK
.
----------------------------------------------------------------------
Ran 1 test in 0.157s

OK
.
----------------------------------------------------------------------
Ran 1 test in 0.165s

OK
.
----------------------------------------------------------------------
Ran 1 test in 0.165s

OK
.
----------------------------------------------------------------------
Ran 1 test in 0.157s

OK
.
----------------------------------------------------------------------
Ran 1 test in 0.162s

OK
.
----------------------------------------------------------------------
Ran 1 test in 0.159s

OK
.
----------------------------------------------------------------------
Ran 1 test in 0.158s

OK
.
----------------------------------------------------------------------
Ran 1 test in 0.161s

OK
.
----------------------------------------------------------------------
Ran 1 test in 0.187s

OK
.
----------------------------------------------------------------------
Ran 1 test in 0.165s

OK
.
----------------------------------------------------------------------
Ran 1 test in 0.162s

OK
.
----------------------------------------------------------------------
Ran 1 test in 0.156s

OK
.
----------------------------------------------------------------------
Ran 1 test in 0.164s

OK
.
----------------------------------------------------------------------
Ran 1 test in 0.171s

OK
.
----------------------------------------------------------------------
Ran 1 test in 0.194s

OK
.
----------------------------------------------------------------------
Ran 1 test in 0.187s

OK
.
----------------------------------------------------------------------
Ran 1 test in 0.161s

OK
.
----------------------------------------------------------------------
Ran 1 test in 0.170s

OK
.
----------------------------------------------------------------------
Ran 1 test in 0.158s

OK
.
----------------------------------------------------------------------
Ran 1 test in 0.157s

OK
.
----------------------------------------------------------------------
Ran 1 test in 0.163s

OK
.
----------------------------------------------------------------------
Ran 1 test in 0.167s

OK
.
----------------------------------------------------------------------
Ran 1 test in 0.158s

OK
.
----------------------------------------------------------------------
Ran 1 test in 0.158s

OK
.
----------------------------------------------------------------------
Ran 1 test in 0.166s

OK
.
----------------------------------------------------------------------
Ran 1 test in 0.157s

OK
.
----------------------------------------------------------------------
Ran 1 test in 0.168s

OK
.
----------------------------------------------------------------------
Ran 1 test in 0.168s

OK
.
----------------------------------------------------------------------
Ran 1 test in 0.164s

OK
.
----------------------------------------------------------------------
Ran 1 test in 0.158s

OK
.
----------------------------------------------------------------------
Ran 1 test in 0.163s

OK
.
----------------------------------------------------------------------
Ran 1 test in 0.166s

OK
.
----------------------------------------------------------------------
Ran 1 test in 0.157s

OK
.
----------------------------------------------------------------------
Ran 1 test in 0.158s

OK
.
----------------------------------------------------------------------
Ran 1 test in 0.167s

OK
.
----------------------------------------------------------------------
Ran 1 test in 0.158s

OK
.
----------------------------------------------------------------------
Ran 1 test in 0.157s

OK
.
----------------------------------------------------------------------
Ran 1 test in 0.187s

OK
.
----------------------------------------------------------------------
Ran 1 test in 0.194s

OK
.
----------------------------------------------------------------------
Ran 1 test in 0.157s

OK
.
----------------------------------------------------------------------
Ran 1 test in 0.164s

OK
.
----------------------------------------------------------------------
Ran 1 test in 0.168s

OK
.
----------------------------------------------------------------------
Ran 1 test in 0.165s

OK
.
----------------------------------------------------------------------
Ran 1 test in 0.156s

OK
.
----------------------------------------------------------------------
Ran 1 test in 0.193s

OK
.
----------------------------------------------------------------------
Ran 1 test in 0.166s

OK
.
----------------------------------------------------------------------
Ran 1 test in 0.157s

OK
.
----------------------------------------------------------------------
Ran 1 test in 0.156s

OK
.
----------------------------------------------------------------------
Ran 1 test in 0.163s

OK
.
----------------------------------------------------------------------
Ran 1 test in 0.172s

OK
.
----------------------------------------------------------------------
Ran 1 test in 0.158s

OK
.
----------------------------------------------------------------------
Ran 1 test in 0.156s

OK
.
----------------------------------------------------------------------
Ran 1 test in 0.169s

OK
.
----------------------------------------------------------------------
Ran 1 test in 0.171s

OK
.
----------------------------------------------------------------------
Ran 1 test in 0.158s

OK
.
----------------------------------------------------------------------
Ran 1 test in 0.158s

OK
.
----------------------------------------------------------------------
Ran 1 test in 0.167s

OK
.
----------------------------------------------------------------------
Ran 1 test in 0.165s

OK
.
----------------------------------------------------------------------
Ran 1 test in 0.161s

OK
.
----------------------------------------------------------------------
Ran 1 test in 0.170s

OK
.
----------------------------------------------------------------------
Ran 1 test in 0.170s

OK
.
----------------------------------------------------------------------
Ran 1 test in 0.158s

OK
.
----------------------------------------------------------------------
Ran 1 test in 0.182s

OK
.
----------------------------------------------------------------------
Ran 1 test in 0.175s

OK
.
----------------------------------------------------------------------
Ran 1 test in 0.176s

OK
.
----------------------------------------------------------------------
Ran 1 test in 0.191s

OK
.
----------------------------------------------------------------------
Ran 1 test in 0.174s

OK
.
----------------------------------------------------------------------
Ran 1 test in 0.163s

OK
.
----------------------------------------------------------------------
Ran 1 test in 0.156s

OK
.
----------------------------------------------------------------------
Ran 1 test in 0.167s

OK
.
----------------------------------------------------------------------
Ran 1 test in 0.175s

OK
.
----------------------------------------------------------------------
Ran 1 test in 0.185s

OK
.
----------------------------------------------------------------------
Ran 1 test in 0.173s

OK
.
----------------------------------------------------------------------
Ran 1 test in 0.165s

OK
.
----------------------------------------------------------------------
Ran 1 test in 0.190s

OK
.
----------------------------------------------------------------------
Ran 1 test in 0.173s

OK
.
----------------------------------------------------------------------
Ran 1 test in 0.163s

OK
.
----------------------------------------------------------------------
Ran 1 test in 0.194s

OK
.
----------------------------------------------------------------------
Ran 1 test in 0.180s

OK
.
----------------------------------------------------------------------
Ran 1 test in 0.172s

OK
.
----------------------------------------------------------------------
Ran 1 test in 0.174s

OK
.
----------------------------------------------------------------------
Ran 1 test in 0.162s

OK
.
----------------------------------------------------------------------
Ran 1 test in 0.163s

OK
.
----------------------------------------------------------------------
Ran 1 test in 0.177s

OK
.
----------------------------------------------------------------------
Ran 1 test in 0.166s

OK
.
----------------------------------------------------------------------
Ran 1 test in 0.164s

OK
.
----------------------------------------------------------------------
Ran 1 test in 0.170s

OK
.
----------------------------------------------------------------------
Ran 1 test in 0.165s

OK
.
----------------------------------------------------------------------
Ran 1 test in 0.159s

OK
.
----------------------------------------------------------------------
Ran 1 test in 0.177s

OK
.
----------------------------------------------------------------------
Ran 1 test in 0.217s

OK
.
----------------------------------------------------------------------
Ran 1 test in 0.163s

OK
.
----------------------------------------------------------------------
Ran 1 test in 0.169s

OK
.
----------------------------------------------------------------------
Ran 1 test in 0.167s

OK
.
----------------------------------------------------------------------
Ran 1 test in 0.161s

OK
.
----------------------------------------------------------------------
Ran 1 test in 0.170s

OK
.
----------------------------------------------------------------------
Ran 1 test in 0.170s

OK
.
----------------------------------------------------------------------
Ran 1 test in 0.164s

OK
.
----------------------------------------------------------------------
Ran 1 test in 0.165s

OK
.
----------------------------------------------------------------------
Ran 1 test in 0.174s

OK
.
----------------------------------------------------------------------
Ran 1 test in 0.167s

OK
.
----------------------------------------------------------------------
Ran 1 test in 0.166s

OK
.
----------------------------------------------------------------------
Ran 1 test in 0.170s

OK
.
----------------------------------------------------------------------
Ran 1 test in 0.177s

OK
.
----------------------------------------------------------------------
Ran 1 test in 0.162s

OK
.
----------------------------------------------------------------------
Ran 1 test in 0.163s

OK
.
----------------------------------------------------------------------
Ran 1 test in 0.159s

OK
.
----------------------------------------------------------------------
Ran 1 test in 0.166s

OK
.
----------------------------------------------------------------------
Ran 1 test in 0.169s

OK
.
----------------------------------------------------------------------
Ran 1 test in 0.166s

OK
.
----------------------------------------------------------------------
Ran 1 test in 0.164s

OK
.
----------------------------------------------------------------------
Ran 1 test in 0.174s

OK
.
----------------------------------------------------------------------
Ran 1 test in 0.177s

OK
.
----------------------------------------------------------------------
Ran 1 test in 0.165s

OK
.
----------------------------------------------------------------------
Ran 1 test in 0.214s

OK
.
----------------------------------------------------------------------
Ran 1 test in 0.173s

OK
.
----------------------------------------------------------------------
Ran 1 test in 0.169s

OK
.
----------------------------------------------------------------------
Ran 1 test in 0.166s

OK
.
----------------------------------------------------------------------
Ran 1 test in 0.169s

OK
.
----------------------------------------------------------------------
Ran 1 test in 0.172s

OK
.
----------------------------------------------------------------------
Ran 1 test in 0.167s

OK
.
----------------------------------------------------------------------
Ran 1 test in 0.168s

OK
.
----------------------------------------------------------------------
Ran 1 test in 0.173s

OK
.
----------------------------------------------------------------------
Ran 1 test in 0.170s

OK
.
----------------------------------------------------------------------
Ran 1 test in 0.170s

OK
.
----------------------------------------------------------------------
Ran 1 test in 0.172s

OK
.
----------------------------------------------------------------------
Ran 1 test in 0.170s

OK
.
----------------------------------------------------------------------
Ran 1 test in 0.172s

OK
.
----------------------------------------------------------------------
Ran 1 test in 0.173s

OK
.
----------------------------------------------------------------------
Ran 1 test in 0.175s

OK
.
----------------------------------------------------------------------
Ran 1 test in 0.171s

OK
.
----------------------------------------------------------------------
Ran 1 test in 0.174s

OK
.
----------------------------------------------------------------------
Ran 1 test in 0.173s

OK
.
----------------------------------------------------------------------
Ran 1 test in 0.173s

OK
.
----------------------------------------------------------------------
Ran 1 test in 0.200s

OK
.
----------------------------------------------------------------------
Ran 1 test in 0.173s

OK
.
----------------------------------------------------------------------
Ran 1 test in 0.173s

OK
.
----------------------------------------------------------------------
Ran 1 test in 0.205s

OK
.
----------------------------------------------------------------------
Ran 1 test in 0.171s

OK
.
----------------------------------------------------------------------
Ran 1 test in 0.176s

OK
.
----------------------------------------------------------------------
Ran 1 test in 0.215s

OK
.
----------------------------------------------------------------------
Ran 1 test in 0.172s

OK
.
----------------------------------------------------------------------
Ran 1 test in 0.175s

OK
.
----------------------------------------------------------------------
Ran 1 test in 0.172s

OK
.
----------------------------------------------------------------------
Ran 1 test in 0.185s

OK
.
----------------------------------------------------------------------
Ran 1 test in 0.172s

OK
.
----------------------------------------------------------------------
Ran 1 test in 0.170s

OK
.
----------------------------------------------------------------------
Ran 1 test in 0.181s

OK
.
----------------------------------------------------------------------
Ran 1 test in 0.175s

OK
.
----------------------------------------------------------------------
Ran 1 test in 0.177s

OK
.
----------------------------------------------------------------------
Ran 1 test in 0.176s

OK
.
----------------------------------------------------------------------
Ran 1 test in 0.172s

OK
.
----------------------------------------------------------------------
Ran 1 test in 0.204s

OK
.
----------------------------------------------------------------------
Ran 1 test in 0.178s

OK
.
----------------------------------------------------------------------
Ran 1 test in 0.183s

OK
.
----------------------------------------------------------------------
Ran 1 test in 0.175s

OK
.
----------------------------------------------------------------------
Ran 1 test in 0.169s

OK
.
----------------------------------------------------------------------
Ran 1 test in 0.172s

OK
.
----------------------------------------------------------------------
Ran 1 test in 0.170s

OK
.
----------------------------------------------------------------------
Ran 1 test in 0.169s

OK
.
----------------------------------------------------------------------
Ran 1 test in 0.178s

OK
.
----------------------------------------------------------------------
Ran 1 test in 0.174s

OK
.
----------------------------------------------------------------------
Ran 1 test in 0.219s

OK
.
----------------------------------------------------------------------
Ran 1 test in 0.178s

OK
.
----------------------------------------------------------------------
Ran 1 test in 0.170s

OK
.
----------------------------------------------------------------------
Ran 1 test in 0.168s

OK
.
----------------------------------------------------------------------
Ran 1 test in 0.205s

OK
.
----------------------------------------------------------------------
Ran 1 test in 0.212s

OK
.
----------------------------------------------------------------------
Ran 1 test in 0.189s

OK
.
----------------------------------------------------------------------
Ran 1 test in 0.216s

OK
.
----------------------------------------------------------------------
Ran 1 test in 0.212s

OK
.
----------------------------------------------------------------------
Ran 1 test in 0.174s

OK
.
----------------------------------------------------------------------
Ran 1 test in 0.170s

OK
.
----------------------------------------------------------------------
Ran 1 test in 0.174s

OK
.
----------------------------------------------------------------------
Ran 1 test in 0.165s

OK
.
----------------------------------------------------------------------
Ran 1 test in 0.166s

OK
.
----------------------------------------------------------------------
Ran 1 test in 0.170s

OK
.
----------------------------------------------------------------------
Ran 1 test in 0.165s

OK
.
----------------------------------------------------------------------
Ran 1 test in 0.204s

OK
.
----------------------------------------------------------------------
Ran 1 test in 0.175s

OK
.
----------------------------------------------------------------------
Ran 1 test in 0.169s

OK
.
----------------------------------------------------------------------
Ran 1 test in 0.172s

OK
.
----------------------------------------------------------------------
Ran 1 test in 0.176s

OK
.
----------------------------------------------------------------------
Ran 1 test in 0.171s

OK
.
----------------------------------------------------------------------
Ran 1 test in 0.170s

OK
.
----------------------------------------------------------------------
Ran 1 test in 0.215s

OK
.
----------------------------------------------------------------------
Ran 1 test in 0.169s

OK
.
----------------------------------------------------------------------
Ran 1 test in 0.171s

OK
.
----------------------------------------------------------------------
Ran 1 test in 0.169s

OK
.
----------------------------------------------------------------------
Ran 1 test in 0.173s

OK
.
----------------------------------------------------------------------
Ran 1 test in 0.171s

OK
.
----------------------------------------------------------------------
Ran 1 test in 0.171s

OK
.
----------------------------------------------------------------------
Ran 1 test in 0.170s

OK
.
----------------------------------------------------------------------
Ran 1 test in 0.170s

OK
.
----------------------------------------------------------------------
Ran 1 test in 0.171s

OK
.
----------------------------------------------------------------------
Ran 1 test in 0.168s

OK
.
----------------------------------------------------------------------
Ran 1 test in 0.183s

OK
.
----------------------------------------------------------------------
Ran 1 test in 0.202s

OK
.
----------------------------------------------------------------------
Ran 1 test in 0.173s

OK
.
----------------------------------------------------------------------
Ran 1 test in 0.170s

OK
.
----------------------------------------------------------------------
Ran 1 test in 0.170s

OK
.
----------------------------------------------------------------------
Ran 1 test in 0.170s

OK
.
----------------------------------------------------------------------
Ran 1 test in 0.189s

OK
.
----------------------------------------------------------------------
Ran 1 test in 0.195s

OK
.
----------------------------------------------------------------------
Ran 1 test in 0.173s

OK
.
----------------------------------------------------------------------
Ran 1 test in 0.179s

OK
.
----------------------------------------------------------------------
Ran 1 test in 0.202s

OK
.
----------------------------------------------------------------------
Ran 1 test in 0.169s

OK
.
----------------------------------------------------------------------
Ran 1 test in 0.171s

OK
.
----------------------------------------------------------------------
Ran 1 test in 0.175s

OK
.
----------------------------------------------------------------------
Ran 1 test in 0.169s

OK
.
----------------------------------------------------------------------
Ran 1 test in 0.168s

OK
.
----------------------------------------------------------------------
Ran 1 test in 0.173s

OK
.
----------------------------------------------------------------------
Ran 1 test in 0.172s

OK
.
----------------------------------------------------------------------
Ran 1 test in 0.170s

OK
.
----------------------------------------------------------------------
Ran 1 test in 0.171s

OK
.
----------------------------------------------------------------------
Ran 1 test in 0.171s

OK
.
----------------------------------------------------------------------
Ran 1 test in 0.168s

OK
.
----------------------------------------------------------------------
Ran 1 test in 0.200s

OK
.
----------------------------------------------------------------------
Ran 1 test in 0.207s

OK
.
----------------------------------------------------------------------
Ran 1 test in 0.201s

OK
.
----------------------------------------------------------------------
Ran 1 test in 0.168s

OK
.
----------------------------------------------------------------------
Ran 1 test in 0.170s

OK
.
----------------------------------------------------------------------
Ran 1 test in 0.171s

OK
.
----------------------------------------------------------------------
Ran 1 test in 0.167s

OK
.
----------------------------------------------------------------------
Ran 1 test in 0.167s

OK
.
----------------------------------------------------------------------
Ran 1 test in 0.171s

OK
.
----------------------------------------------------------------------
Ran 1 test in 0.166s

OK
.
----------------------------------------------------------------------
Ran 1 test in 0.175s

OK
.
----------------------------------------------------------------------
Ran 1 test in 0.170s

OK
.
----------------------------------------------------------------------
Ran 1 test in 0.170s

OK
.
----------------------------------------------------------------------
Ran 1 test in 0.175s

OK
.
----------------------------------------------------------------------
Ran 1 test in 0.168s

OK
.
----------------------------------------------------------------------
Ran 1 test in 0.168s

OK
.
----------------------------------------------------------------------
Ran 1 test in 0.171s

OK
.
----------------------------------------------------------------------
Ran 1 test in 0.185s

OK
.
----------------------------------------------------------------------
Ran 1 test in 0.169s

OK
.
----------------------------------------------------------------------
Ran 1 test in 0.166s

OK
.
----------------------------------------------------------------------
Ran 1 test in 0.168s

OK
.
----------------------------------------------------------------------
Ran 1 test in 0.167s

OK
.
----------------------------------------------------------------------
Ran 1 test in 0.167s

OK
.
----------------------------------------------------------------------
Ran 1 test in 0.168s

OK
.
----------------------------------------------------------------------
Ran 1 test in 0.168s

OK
.
----------------------------------------------------------------------
Ran 1 test in 0.169s

OK
.
----------------------------------------------------------------------
Ran 1 test in 0.180s

OK
.
----------------------------------------------------------------------
Ran 1 test in 0.170s

OK
.
----------------------------------------------------------------------
Ran 1 test in 0.208s

OK
.
----------------------------------------------------------------------
Ran 1 test in 0.216s

OK
.
----------------------------------------------------------------------
Ran 1 test in 0.163s

OK
.
----------------------------------------------------------------------
Ran 1 test in 0.163s

OK
.
----------------------------------------------------------------------
Ran 1 test in 0.169s

OK
.
----------------------------------------------------------------------
Ran 1 test in 0.165s

OK
.
----------------------------------------------------------------------
Ran 1 test in 0.170s

OK
.
----------------------------------------------------------------------
Ran 1 test in 0.173s

OK
.
----------------------------------------------------------------------
Ran 1 test in 0.172s

OK
.
----------------------------------------------------------------------
Ran 1 test in 0.170s

OK
.
----------------------------------------------------------------------
Ran 1 test in 0.171s

OK
.
----------------------------------------------------------------------
Ran 1 test in 0.175s

OK
.
----------------------------------------------------------------------
Ran 1 test in 0.164s

OK
.
----------------------------------------------------------------------
Ran 1 test in 0.169s

OK
.
----------------------------------------------------------------------
Ran 1 test in 0.162s

OK
.
----------------------------------------------------------------------
Ran 1 test in 0.165s

OK
.
----------------------------------------------------------------------
Ran 1 test in 0.174s

OK
.
----------------------------------------------------------------------
Ran 1 test in 0.196s

OK
.
----------------------------------------------------------------------
Ran 1 test in 0.214s

OK
.
----------------------------------------------------------------------
Ran 1 test in 0.176s

OK
.
----------------------------------------------------------------------
Ran 1 test in 0.181s

OK
.
----------------------------------------------------------------------
Ran 1 test in 0.183s

OK
.
----------------------------------------------------------------------
Ran 1 test in 0.178s

OK
.
----------------------------------------------------------------------
Ran 1 test in 0.185s

OK
.
----------------------------------------------------------------------
Ran 1 test in 0.192s

OK
.
----------------------------------------------------------------------
Ran 1 test in 0.181s

OK
.
----------------------------------------------------------------------
Ran 1 test in 0.164s

OK
.
----------------------------------------------------------------------
Ran 1 test in 0.171s

OK
.
----------------------------------------------------------------------
Ran 1 test in 0.170s

OK
.
----------------------------------------------------------------------
Ran 1 test in 0.214s

OK
.
----------------------------------------------------------------------
Ran 1 test in 0.176s

OK
.
----------------------------------------------------------------------
Ran 1 test in 0.182s

OK
.
----------------------------------------------------------------------
Ran 1 test in 0.177s

OK
.
----------------------------------------------------------------------
Ran 1 test in 0.168s

OK
.
----------------------------------------------------------------------
Ran 1 test in 0.167s

OK
.
----------------------------------------------------------------------
Ran 1 test in 0.171s

OK
.
----------------------------------------------------------------------
Ran 1 test in 0.170s

OK
.
----------------------------------------------------------------------
Ran 1 test in 0.171s

OK
.
----------------------------------------------------------------------
Ran 1 test in 0.170s

OK
.
----------------------------------------------------------------------
Ran 1 test in 0.171s

OK
.
----------------------------------------------------------------------
Ran 1 test in 0.171s

OK
.
----------------------------------------------------------------------
Ran 1 test in 0.170s

OK
.
----------------------------------------------------------------------
Ran 1 test in 0.172s

OK
.
----------------------------------------------------------------------
Ran 1 test in 0.174s

OK
.
----------------------------------------------------------------------
Ran 1 test in 0.170s

OK
.
----------------------------------------------------------------------
Ran 1 test in 0.169s

OK
.
----------------------------------------------------------------------
Ran 1 test in 0.166s

OK
.
----------------------------------------------------------------------
Ran 1 test in 0.174s

OK
.
----------------------------------------------------------------------
Ran 1 test in 0.175s

OK
.
----------------------------------------------------------------------
Ran 1 test in 0.172s

OK
.
----------------------------------------------------------------------
Ran 1 test in 0.219s

OK
.
----------------------------------------------------------------------
Ran 1 test in 0.174s

OK
.
----------------------------------------------------------------------
Ran 1 test in 0.168s

OK
.
----------------------------------------------------------------------
Ran 1 test in 0.166s

OK
.
----------------------------------------------------------------------
Ran 1 test in 0.208s

OK
.
----------------------------------------------------------------------
Ran 1 test in 0.167s

OK
.
----------------------------------------------------------------------
Ran 1 test in 0.166s

OK
.
----------------------------------------------------------------------
Ran 1 test in 0.191s

OK
.
----------------------------------------------------------------------
Ran 1 test in 0.203s

OK
.
----------------------------------------------------------------------
Ran 1 test in 0.166s

OK
.
----------------------------------------------------------------------
Ran 1 test in 0.170s

OK
.
----------------------------------------------------------------------
Ran 1 test in 0.171s

OK
.
----------------------------------------------------------------------
Ran 1 test in 0.169s

OK
.
----------------------------------------------------------------------
Ran 1 test in 0.169s

OK
.
----------------------------------------------------------------------
Ran 1 test in 0.173s

OK
.
----------------------------------------------------------------------
Ran 1 test in 0.170s

OK
.
----------------------------------------------------------------------
Ran 1 test in 0.169s

OK
.
----------------------------------------------------------------------
Ran 1 test in 0.166s

OK
.
----------------------------------------------------------------------
Ran 1 test in 0.170s

OK
.
----------------------------------------------------------------------
Ran 1 test in 0.165s

OK
.
----------------------------------------------------------------------
Ran 1 test in 0.168s

OK
.
----------------------------------------------------------------------
Ran 1 test in 0.195s

OK
.
----------------------------------------------------------------------
Ran 1 test in 0.166s

OK
.
----------------------------------------------------------------------
Ran 1 test in 0.167s

OK
.
----------------------------------------------------------------------
Ran 1 test in 0.169s

OK
.
----------------------------------------------------------------------
Ran 1 test in 0.166s

OK
.
----------------------------------------------------------------------
Ran 1 test in 0.168s

OK
.
----------------------------------------------------------------------
Ran 1 test in 0.168s

OK
.
----------------------------------------------------------------------
Ran 1 test in 0.170s

OK
.
----------------------------------------------------------------------
Ran 1 test in 0.171s

OK
.
----------------------------------------------------------------------
Ran 1 test in 0.168s

OK
.
----------------------------------------------------------------------
Ran 1 test in 0.165s

OK
.
----------------------------------------------------------------------
Ran 1 test in 0.169s

OK
.
----------------------------------------------------------------------
Ran 1 test in 0.162s

OK
.
----------------------------------------------------------------------
Ran 1 test in 0.165s

OK
.
----------------------------------------------------------------------
Ran 1 test in 0.175s

OK
.
----------------------------------------------------------------------
Ran 1 test in 0.164s

OK
.
----------------------------------------------------------------------
Ran 1 test in 0.170s

OK
.
----------------------------------------------------------------------
Ran 1 test in 0.164s

OK
.
----------------------------------------------------------------------
Ran 1 test in 0.175s

OK
.
----------------------------------------------------------------------
Ran 1 test in 0.170s

OK
.
----------------------------------------------------------------------
Ran 1 test in 0.164s

OK
.
----------------------------------------------------------------------
Ran 1 test in 0.166s

OK
.
----------------------------------------------------------------------
Ran 1 test in 0.169s

OK
.
----------------------------------------------------------------------
Ran 1 test in 0.167s

OK
.
----------------------------------------------------------------------
Ran 1 test in 0.187s

OK
.
----------------------------------------------------------------------
Ran 1 test in 0.173s

OK
.
----------------------------------------------------------------------
Ran 1 test in 0.173s

OK
.
----------------------------------------------------------------------
Ran 1 test in 0.171s

OK
.
----------------------------------------------------------------------
Ran 1 test in 0.165s

OK
.
----------------------------------------------------------------------
Ran 1 test in 0.161s

OK
.
----------------------------------------------------------------------
Ran 1 test in 0.162s

OK
.
----------------------------------------------------------------------
Ran 1 test in 0.157s

OK
.
----------------------------------------------------------------------
Ran 1 test in 0.166s

OK
.
----------------------------------------------------------------------
Ran 1 test in 0.173s

OK
.
----------------------------------------------------------------------
Ran 1 test in 0.169s

OK
.
----------------------------------------------------------------------
Ran 1 test in 0.166s

OK
.
----------------------------------------------------------------------
Ran 1 test in 0.172s

OK
.
----------------------------------------------------------------------
Ran 1 test in 0.170s

OK
.
----------------------------------------------------------------------
Ran 1 test in 0.168s

OK
.
----------------------------------------------------------------------
Ran 1 test in 0.167s

OK
.
----------------------------------------------------------------------
Ran 1 test in 0.170s

OK
.
----------------------------------------------------------------------
Ran 1 test in 0.171s

OK
.
----------------------------------------------------------------------
Ran 1 test in 0.170s

OK
.
----------------------------------------------------------------------
Ran 1 test in 0.167s

OK
.
----------------------------------------------------------------------
Ran 1 test in 0.166s

OK
.
----------------------------------------------------------------------
Ran 1 test in 0.167s

OK
.
----------------------------------------------------------------------
Ran 1 test in 0.158s

OK
.
----------------------------------------------------------------------
Ran 1 test in 0.168s

OK
.
----------------------------------------------------------------------
Ran 1 test in 0.165s

OK
.
----------------------------------------------------------------------
Ran 1 test in 0.168s

OK
.
----------------------------------------------------------------------
Ran 1 test in 0.170s

OK
.
----------------------------------------------------------------------
Ran 1 test in 0.165s

OK
.
----------------------------------------------------------------------
Ran 1 test in 0.213s

OK
.
----------------------------------------------------------------------
Ran 1 test in 0.170s

OK
.
----------------------------------------------------------------------
Ran 1 test in 0.177s

OK
.
----------------------------------------------------------------------
Ran 1 test in 0.166s

OK
.
----------------------------------------------------------------------
Ran 1 test in 0.157s

OK
.
----------------------------------------------------------------------
Ran 1 test in 0.164s

OK
.
----------------------------------------------------------------------
Ran 1 test in 0.168s

OK
.
----------------------------------------------------------------------
Ran 1 test in 0.165s

OK
.
----------------------------------------------------------------------
Ran 1 test in 0.166s

OK
.
----------------------------------------------------------------------
Ran 1 test in 0.168s

OK
.
----------------------------------------------------------------------
Ran 1 test in 0.167s

OK
.
----------------------------------------------------------------------
Ran 1 test in 0.171s

OK
.
----------------------------------------------------------------------
Ran 1 test in 0.165s

OK
.
----------------------------------------------------------------------
Ran 1 test in 0.159s

OK
.
----------------------------------------------------------------------
Ran 1 test in 0.160s

OK
.
----------------------------------------------------------------------
Ran 1 test in 0.156s

OK
.
----------------------------------------------------------------------
Ran 1 test in 0.165s

OK
.
----------------------------------------------------------------------
Ran 1 test in 0.167s

OK
.
----------------------------------------------------------------------
Ran 1 test in 0.160s

OK
.
----------------------------------------------------------------------
Ran 1 test in 0.161s

OK
.
----------------------------------------------------------------------
Ran 1 test in 0.168s

OK
.
----------------------------------------------------------------------
Ran 1 test in 0.215s

OK
.
----------------------------------------------------------------------
Ran 1 test in 0.165s

OK
.
----------------------------------------------------------------------
Ran 1 test in 0.166s

OK
.
----------------------------------------------------------------------
Ran 1 test in 0.165s

OK
.
----------------------------------------------------------------------
Ran 1 test in 0.167s

OK
.
----------------------------------------------------------------------
Ran 1 test in 0.161s

OK
.
----------------------------------------------------------------------
Ran 1 test in 0.174s

OK
.
----------------------------------------------------------------------
Ran 1 test in 0.170s

OK
.
----------------------------------------------------------------------
Ran 1 test in 0.158s

OK
.
----------------------------------------------------------------------
Ran 1 test in 0.156s

OK
.
----------------------------------------------------------------------
Ran 1 test in 0.158s

OK
.
----------------------------------------------------------------------
Ran 1 test in 0.165s

OK
.
----------------------------------------------------------------------
Ran 1 test in 0.163s

OK
.
----------------------------------------------------------------------
Ran 1 test in 0.169s

OK
.
----------------------------------------------------------------------
Ran 1 test in 0.169s

OK
.
----------------------------------------------------------------------
Ran 1 test in 0.167s

OK
.
----------------------------------------------------------------------
Ran 1 test in 0.173s

OK
.
----------------------------------------------------------------------
Ran 1 test in 0.169s

OK
.
----------------------------------------------------------------------
Ran 1 test in 0.167s

OK
.
----------------------------------------------------------------------
Ran 1 test in 0.162s

OK
.
----------------------------------------------------------------------
Ran 1 test in 0.166s

OK
.
----------------------------------------------------------------------
Ran 1 test in 0.191s

OK
.
----------------------------------------------------------------------
Ran 1 test in 0.221s

OK
.
----------------------------------------------------------------------
Ran 1 test in 0.167s

OK
.
----------------------------------------------------------------------
Ran 1 test in 0.165s

OK
.
----------------------------------------------------------------------
Ran 1 test in 0.162s

OK
.
----------------------------------------------------------------------
Ran 1 test in 0.168s

OK
.
----------------------------------------------------------------------
Ran 1 test in 0.169s

OK
.
----------------------------------------------------------------------
Ran 1 test in 0.169s

OK
.
----------------------------------------------------------------------
Ran 1 test in 0.171s

OK
.
----------------------------------------------------------------------
Ran 1 test in 0.172s

OK
.
----------------------------------------------------------------------
Ran 1 test in 0.210s

OK
.
----------------------------------------------------------------------
Ran 1 test in 0.183s

OK
.
----------------------------------------------------------------------
Ran 1 test in 0.169s

OK
.
----------------------------------------------------------------------
Ran 1 test in 0.167s

OK
.
----------------------------------------------------------------------
Ran 1 test in 0.163s

OK
.
----------------------------------------------------------------------
Ran 1 test in 0.171s

OK
.
----------------------------------------------------------------------
Ran 1 test in 0.169s

OK
.
----------------------------------------------------------------------
Ran 1 test in 0.164s

OK
.
----------------------------------------------------------------------
Ran 1 test in 0.163s

OK
.
----------------------------------------------------------------------
Ran 1 test in 0.178s

OK
.
----------------------------------------------------------------------
Ran 1 test in 0.202s

OK
.
----------------------------------------------------------------------
Ran 1 test in 0.162s

OK
.
----------------------------------------------------------------------
Ran 1 test in 0.162s

OK
.
----------------------------------------------------------------------
Ran 1 test in 0.162s

OK
.
----------------------------------------------------------------------
Ran 1 test in 0.169s

OK
.
----------------------------------------------------------------------
Ran 1 test in 0.154s

OK
.
----------------------------------------------------------------------
Ran 1 test in 0.161s

OK
.
----------------------------------------------------------------------
Ran 1 test in 0.173s

OK
.
----------------------------------------------------------------------
Ran 1 test in 0.168s

OK
.
----------------------------------------------------------------------
Ran 1 test in 0.163s

OK
.
----------------------------------------------------------------------
Ran 1 test in 0.161s

OK
.
----------------------------------------------------------------------
Ran 1 test in 0.159s

OK
.
----------------------------------------------------------------------
Ran 1 test in 0.158s

OK
.
----------------------------------------------------------------------
Ran 1 test in 0.158s

OK
.
----------------------------------------------------------------------
Ran 1 test in 0.157s

OK
.
----------------------------------------------------------------------
Ran 1 test in 0.157s

OK
.
----------------------------------------------------------------------
Ran 1 test in 0.160s

OK
.
----------------------------------------------------------------------
Ran 1 test in 0.164s

OK
.
----------------------------------------------------------------------
Ran 1 test in 0.166s

OK
.
----------------------------------------------------------------------
Ran 1 test in 0.168s

OK
.
----------------------------------------------------------------------
Ran 1 test in 0.193s

OK
.
----------------------------------------------------------------------
Ran 1 test in 0.163s

OK
.
----------------------------------------------------------------------
Ran 1 test in 0.156s

OK
.
----------------------------------------------------------------------
Ran 1 test in 0.153s

OK
.
----------------------------------------------------------------------
Ran 1 test in 0.161s

OK
.
----------------------------------------------------------------------
Ran 1 test in 0.162s

OK
.
----------------------------------------------------------------------
Ran 1 test in 0.157s

OK
.
----------------------------------------------------------------------
Ran 1 test in 0.156s

OK
.
----------------------------------------------------------------------
Ran 1 test in 0.159s

OK
.
----------------------------------------------------------------------
Ran 1 test in 0.164s

OK
.
----------------------------------------------------------------------
Ran 1 test in 0.160s

OK
.
----------------------------------------------------------------------
Ran 1 test in 0.155s

OK
.
----------------------------------------------------------------------
Ran 1 test in 0.154s

OK
.
----------------------------------------------------------------------
Ran 1 test in 0.163s

OK
.
----------------------------------------------------------------------
Ran 1 test in 0.155s

OK
.
----------------------------------------------------------------------
Ran 1 test in 0.160s

OK
.
----------------------------------------------------------------------
Ran 1 test in 0.157s

OK
.
----------------------------------------------------------------------
Ran 1 test in 0.160s

OK
.
----------------------------------------------------------------------
Ran 1 test in 0.154s

OK
.
----------------------------------------------------------------------
Ran 1 test in 0.160s

OK
.
----------------------------------------------------------------------
Ran 1 test in 0.168s

OK
.
----------------------------------------------------------------------
Ran 1 test in 0.151s

OK
.
----------------------------------------------------------------------
Ran 1 test in 0.155s

OK
.
----------------------------------------------------------------------
Ran 1 test in 0.159s

OK
.
----------------------------------------------------------------------
Ran 1 test in 0.156s

OK
.
----------------------------------------------------------------------
Ran 1 test in 0.151s

OK
.
----------------------------------------------------------------------
Ran 1 test in 0.157s

OK
.
----------------------------------------------------------------------
Ran 1 test in 0.213s

OK
.
----------------------------------------------------------------------
Ran 1 test in 0.167s

OK
.
----------------------------------------------------------------------
Ran 1 test in 0.168s

OK
.
----------------------------------------------------------------------
Ran 1 test in 0.166s

OK
.
----------------------------------------------------------------------
Ran 1 test in 0.163s

OK
.
----------------------------------------------------------------------
Ran 1 test in 0.187s

OK
.
----------------------------------------------------------------------
Ran 1 test in 0.156s

OK
.
----------------------------------------------------------------------
Ran 1 test in 0.150s

OK
.
----------------------------------------------------------------------
Ran 1 test in 0.150s

OK
.
----------------------------------------------------------------------
Ran 1 test in 0.158s

OK
.
----------------------------------------------------------------------
Ran 1 test in 0.151s

OK
.
----------------------------------------------------------------------
Ran 1 test in 0.163s

OK
.
----------------------------------------------------------------------
Ran 1 test in 0.168s

OK
.
----------------------------------------------------------------------
Ran 1 test in 0.165s

OK
.
----------------------------------------------------------------------
Ran 1 test in 0.162s

OK
.
----------------------------------------------------------------------
Ran 1 test in 0.156s

OK
LOOP-F1 end 2026-09-16T10:06:45Z pass=500 fail=0 rate=0.0
