STREAK-module start 2026-09-16T11:00:55Z N=30 HEAD=5bd2672f074b6656c6bc7becce43fc50fefd79d1 TREE=6d812ca32956e9d39d2ca720067e96ae7f915bf8 host=Darwin 25.6.0 arm64
......................................................................................................................FAIL: manifest must be a JSON object, got list
verify: evidence manifest malformed/unreadable — unit is NOT done
............................................................................................................................FAIL: base_sha 'HEAD' is not a pinned 40-hex commit SHA (a symbolic ref is not immutable)
FAIL: head_sha 'HEAD' is not a pinned 40-hex commit SHA (a symbolic ref is not immutable)
FAIL: base_sha 'HEAD' is not a real commit
FAIL: head_sha 'HEAD' is not a real commit
FAIL: commands ledger: cannot resolve the tree of head_sha (not a real commit here, or not inside a git repo) — the recorded run cannot be bound to content; fail-closed
FAIL: intent packet incomplete — non-empty ['goal', 'ruled_out', 'why'] required (mutation unit)
FAIL: reviewer_mode must be one of ['cross-vendor', 'instructed-isolation', 'same-vendor-fresh'], got None
FAIL: negative_control.tool must be one of ['cargo-mutants', 'cosmic-ray', 'go-mutesting', 'hand', 'mutmut', 'pitest', 'revert', 'stryker'], got None
FAIL: negative_control.result must record the mutant KILLED / the proof going RED
FAIL: negative_control.artifact (an evidence path) is required
FAIL: mutation unit: no pr.number to look up an independent review — unreviewed
verify: 11 invariant(s) failed — unit is NOT done
..
----------------------------------------------------------------------
Ran 244 tests in 30.541s

OK
......................................................................................................................FAIL: manifest must be a JSON object, got list
verify: evidence manifest malformed/unreadable — unit is NOT done
............................................................................................................................FAIL: base_sha 'HEAD' is not a pinned 40-hex commit SHA (a symbolic ref is not immutable)
FAIL: head_sha 'HEAD' is not a pinned 40-hex commit SHA (a symbolic ref is not immutable)
FAIL: base_sha 'HEAD' is not a real commit
FAIL: head_sha 'HEAD' is not a real commit
FAIL: commands ledger: cannot resolve the tree of head_sha (not a real commit here, or not inside a git repo) — the recorded run cannot be bound to content; fail-closed
FAIL: intent packet incomplete — non-empty ['goal', 'ruled_out', 'why'] required (mutation unit)
FAIL: reviewer_mode must be one of ['cross-vendor', 'instructed-isolation', 'same-vendor-fresh'], got None
FAIL: negative_control.tool must be one of ['cargo-mutants', 'cosmic-ray', 'go-mutesting', 'hand', 'mutmut', 'pitest', 'revert', 'stryker'], got None
FAIL: negative_control.result must record the mutant KILLED / the proof going RED
FAIL: negative_control.artifact (an evidence path) is required
FAIL: mutation unit: no pr.number to look up an independent review — unreviewed
verify: 11 invariant(s) failed — unit is NOT done
..
----------------------------------------------------------------------
Ran 244 tests in 30.285s

OK
......................................................................................................................FAIL: manifest must be a JSON object, got list
verify: evidence manifest malformed/unreadable — unit is NOT done
............................................................................................................................FAIL: base_sha 'HEAD' is not a pinned 40-hex commit SHA (a symbolic ref is not immutable)
FAIL: head_sha 'HEAD' is not a pinned 40-hex commit SHA (a symbolic ref is not immutable)
FAIL: base_sha 'HEAD' is not a real commit
FAIL: head_sha 'HEAD' is not a real commit
FAIL: commands ledger: cannot resolve the tree of head_sha (not a real commit here, or not inside a git repo) — the recorded run cannot be bound to content; fail-closed
FAIL: intent packet incomplete — non-empty ['goal', 'ruled_out', 'why'] required (mutation unit)
FAIL: reviewer_mode must be one of ['cross-vendor', 'instructed-isolation', 'same-vendor-fresh'], got None
FAIL: negative_control.tool must be one of ['cargo-mutants', 'cosmic-ray', 'go-mutesting', 'hand', 'mutmut', 'pitest', 'revert', 'stryker'], got None
FAIL: negative_control.result must record the mutant KILLED / the proof going RED
FAIL: negative_control.artifact (an evidence path) is required
FAIL: mutation unit: no pr.number to look up an independent review — unreviewed
verify: 11 invariant(s) failed — unit is NOT done
..
----------------------------------------------------------------------
Ran 244 tests in 30.364s

OK
......................................................................................................................FAIL: manifest must be a JSON object, got list
verify: evidence manifest malformed/unreadable — unit is NOT done
............................................................................................................................FAIL: base_sha 'HEAD' is not a pinned 40-hex commit SHA (a symbolic ref is not immutable)
FAIL: head_sha 'HEAD' is not a pinned 40-hex commit SHA (a symbolic ref is not immutable)
FAIL: base_sha 'HEAD' is not a real commit
FAIL: head_sha 'HEAD' is not a real commit
FAIL: commands ledger: cannot resolve the tree of head_sha (not a real commit here, or not inside a git repo) — the recorded run cannot be bound to content; fail-closed
FAIL: intent packet incomplete — non-empty ['goal', 'ruled_out', 'why'] required (mutation unit)
FAIL: reviewer_mode must be one of ['cross-vendor', 'instructed-isolation', 'same-vendor-fresh'], got None
FAIL: negative_control.tool must be one of ['cargo-mutants', 'cosmic-ray', 'go-mutesting', 'hand', 'mutmut', 'pitest', 'revert', 'stryker'], got None
FAIL: negative_control.result must record the mutant KILLED / the proof going RED
FAIL: negative_control.artifact (an evidence path) is required
FAIL: mutation unit: no pr.number to look up an independent review — unreviewed
verify: 11 invariant(s) failed — unit is NOT done
..
----------------------------------------------------------------------
Ran 244 tests in 30.313s

OK
......................................................................................................................FAIL: manifest must be a JSON object, got list
verify: evidence manifest malformed/unreadable — unit is NOT done
............................................................................................................................FAIL: base_sha 'HEAD' is not a pinned 40-hex commit SHA (a symbolic ref is not immutable)
FAIL: head_sha 'HEAD' is not a pinned 40-hex commit SHA (a symbolic ref is not immutable)
FAIL: base_sha 'HEAD' is not a real commit
FAIL: head_sha 'HEAD' is not a real commit
FAIL: commands ledger: cannot resolve the tree of head_sha (not a real commit here, or not inside a git repo) — the recorded run cannot be bound to content; fail-closed
FAIL: intent packet incomplete — non-empty ['goal', 'ruled_out', 'why'] required (mutation unit)
FAIL: reviewer_mode must be one of ['cross-vendor', 'instructed-isolation', 'same-vendor-fresh'], got None
FAIL: negative_control.tool must be one of ['cargo-mutants', 'cosmic-ray', 'go-mutesting', 'hand', 'mutmut', 'pitest', 'revert', 'stryker'], got None
FAIL: negative_control.result must record the mutant KILLED / the proof going RED
FAIL: negative_control.artifact (an evidence path) is required
FAIL: mutation unit: no pr.number to look up an independent review — unreviewed
verify: 11 invariant(s) failed — unit is NOT done
..
----------------------------------------------------------------------
Ran 244 tests in 30.451s

OK
......................................................................................................................FAIL: manifest must be a JSON object, got list
verify: evidence manifest malformed/unreadable — unit is NOT done
............................................................................................................................FAIL: base_sha 'HEAD' is not a pinned 40-hex commit SHA (a symbolic ref is not immutable)
FAIL: head_sha 'HEAD' is not a pinned 40-hex commit SHA (a symbolic ref is not immutable)
FAIL: base_sha 'HEAD' is not a real commit
FAIL: head_sha 'HEAD' is not a real commit
FAIL: commands ledger: cannot resolve the tree of head_sha (not a real commit here, or not inside a git repo) — the recorded run cannot be bound to content; fail-closed
FAIL: intent packet incomplete — non-empty ['goal', 'ruled_out', 'why'] required (mutation unit)
FAIL: reviewer_mode must be one of ['cross-vendor', 'instructed-isolation', 'same-vendor-fresh'], got None
FAIL: negative_control.tool must be one of ['cargo-mutants', 'cosmic-ray', 'go-mutesting', 'hand', 'mutmut', 'pitest', 'revert', 'stryker'], got None
FAIL: negative_control.result must record the mutant KILLED / the proof going RED
FAIL: negative_control.artifact (an evidence path) is required
FAIL: mutation unit: no pr.number to look up an independent review — unreviewed
verify: 11 invariant(s) failed — unit is NOT done
..
----------------------------------------------------------------------
Ran 244 tests in 30.432s

OK
......................................................................................................................FAIL: manifest must be a JSON object, got list
verify: evidence manifest malformed/unreadable — unit is NOT done
............................................................................................................................FAIL: base_sha 'HEAD' is not a pinned 40-hex commit SHA (a symbolic ref is not immutable)
FAIL: head_sha 'HEAD' is not a pinned 40-hex commit SHA (a symbolic ref is not immutable)
FAIL: base_sha 'HEAD' is not a real commit
FAIL: head_sha 'HEAD' is not a real commit
FAIL: commands ledger: cannot resolve the tree of head_sha (not a real commit here, or not inside a git repo) — the recorded run cannot be bound to content; fail-closed
FAIL: intent packet incomplete — non-empty ['goal', 'ruled_out', 'why'] required (mutation unit)
FAIL: reviewer_mode must be one of ['cross-vendor', 'instructed-isolation', 'same-vendor-fresh'], got None
FAIL: negative_control.tool must be one of ['cargo-mutants', 'cosmic-ray', 'go-mutesting', 'hand', 'mutmut', 'pitest', 'revert', 'stryker'], got None
FAIL: negative_control.result must record the mutant KILLED / the proof going RED
FAIL: negative_control.artifact (an evidence path) is required
FAIL: mutation unit: no pr.number to look up an independent review — unreviewed
verify: 11 invariant(s) failed — unit is NOT done
..
----------------------------------------------------------------------
Ran 244 tests in 30.219s

OK
......................................................................................................................FAIL: manifest must be a JSON object, got list
verify: evidence manifest malformed/unreadable — unit is NOT done
............................................................................................................................FAIL: base_sha 'HEAD' is not a pinned 40-hex commit SHA (a symbolic ref is not immutable)
FAIL: head_sha 'HEAD' is not a pinned 40-hex commit SHA (a symbolic ref is not immutable)
FAIL: base_sha 'HEAD' is not a real commit
FAIL: head_sha 'HEAD' is not a real commit
FAIL: commands ledger: cannot resolve the tree of head_sha (not a real commit here, or not inside a git repo) — the recorded run cannot be bound to content; fail-closed
FAIL: intent packet incomplete — non-empty ['goal', 'ruled_out', 'why'] required (mutation unit)
FAIL: reviewer_mode must be one of ['cross-vendor', 'instructed-isolation', 'same-vendor-fresh'], got None
FAIL: negative_control.tool must be one of ['cargo-mutants', 'cosmic-ray', 'go-mutesting', 'hand', 'mutmut', 'pitest', 'revert', 'stryker'], got None
FAIL: negative_control.result must record the mutant KILLED / the proof going RED
FAIL: negative_control.artifact (an evidence path) is required
FAIL: mutation unit: no pr.number to look up an independent review — unreviewed
verify: 11 invariant(s) failed — unit is NOT done
..
----------------------------------------------------------------------
Ran 244 tests in 30.382s

OK
......................................................................................................................FAIL: manifest must be a JSON object, got list
verify: evidence manifest malformed/unreadable — unit is NOT done
............................................................................................................................FAIL: base_sha 'HEAD' is not a pinned 40-hex commit SHA (a symbolic ref is not immutable)
FAIL: head_sha 'HEAD' is not a pinned 40-hex commit SHA (a symbolic ref is not immutable)
FAIL: base_sha 'HEAD' is not a real commit
FAIL: head_sha 'HEAD' is not a real commit
FAIL: commands ledger: cannot resolve the tree of head_sha (not a real commit here, or not inside a git repo) — the recorded run cannot be bound to content; fail-closed
FAIL: intent packet incomplete — non-empty ['goal', 'ruled_out', 'why'] required (mutation unit)
FAIL: reviewer_mode must be one of ['cross-vendor', 'instructed-isolation', 'same-vendor-fresh'], got None
FAIL: negative_control.tool must be one of ['cargo-mutants', 'cosmic-ray', 'go-mutesting', 'hand', 'mutmut', 'pitest', 'revert', 'stryker'], got None
FAIL: negative_control.result must record the mutant KILLED / the proof going RED
FAIL: negative_control.artifact (an evidence path) is required
FAIL: mutation unit: no pr.number to look up an independent review — unreviewed
verify: 11 invariant(s) failed — unit is NOT done
..
----------------------------------------------------------------------
Ran 244 tests in 30.356s

OK
......................................................................................................................FAIL: manifest must be a JSON object, got list
verify: evidence manifest malformed/unreadable — unit is NOT done
............................................................................................................................FAIL: base_sha 'HEAD' is not a pinned 40-hex commit SHA (a symbolic ref is not immutable)
FAIL: head_sha 'HEAD' is not a pinned 40-hex commit SHA (a symbolic ref is not immutable)
FAIL: base_sha 'HEAD' is not a real commit
FAIL: head_sha 'HEAD' is not a real commit
FAIL: commands ledger: cannot resolve the tree of head_sha (not a real commit here, or not inside a git repo) — the recorded run cannot be bound to content; fail-closed
FAIL: intent packet incomplete — non-empty ['goal', 'ruled_out', 'why'] required (mutation unit)
FAIL: reviewer_mode must be one of ['cross-vendor', 'instructed-isolation', 'same-vendor-fresh'], got None
FAIL: negative_control.tool must be one of ['cargo-mutants', 'cosmic-ray', 'go-mutesting', 'hand', 'mutmut', 'pitest', 'revert', 'stryker'], got None
FAIL: negative_control.result must record the mutant KILLED / the proof going RED
FAIL: negative_control.artifact (an evidence path) is required
FAIL: mutation unit: no pr.number to look up an independent review — unreviewed
verify: 11 invariant(s) failed — unit is NOT done
..
----------------------------------------------------------------------
Ran 244 tests in 30.392s

OK
......................................................................................................................FAIL: manifest must be a JSON object, got list
verify: evidence manifest malformed/unreadable — unit is NOT done
............................................................................................................................FAIL: base_sha 'HEAD' is not a pinned 40-hex commit SHA (a symbolic ref is not immutable)
FAIL: head_sha 'HEAD' is not a pinned 40-hex commit SHA (a symbolic ref is not immutable)
FAIL: base_sha 'HEAD' is not a real commit
FAIL: head_sha 'HEAD' is not a real commit
FAIL: commands ledger: cannot resolve the tree of head_sha (not a real commit here, or not inside a git repo) — the recorded run cannot be bound to content; fail-closed
FAIL: intent packet incomplete — non-empty ['goal', 'ruled_out', 'why'] required (mutation unit)
FAIL: reviewer_mode must be one of ['cross-vendor', 'instructed-isolation', 'same-vendor-fresh'], got None
FAIL: negative_control.tool must be one of ['cargo-mutants', 'cosmic-ray', 'go-mutesting', 'hand', 'mutmut', 'pitest', 'revert', 'stryker'], got None
FAIL: negative_control.result must record the mutant KILLED / the proof going RED
FAIL: negative_control.artifact (an evidence path) is required
FAIL: mutation unit: no pr.number to look up an independent review — unreviewed
verify: 11 invariant(s) failed — unit is NOT done
..
----------------------------------------------------------------------
Ran 244 tests in 30.582s

OK
......................................................................................................................FAIL: manifest must be a JSON object, got list
verify: evidence manifest malformed/unreadable — unit is NOT done
............................................................................................................................FAIL: base_sha 'HEAD' is not a pinned 40-hex commit SHA (a symbolic ref is not immutable)
FAIL: head_sha 'HEAD' is not a pinned 40-hex commit SHA (a symbolic ref is not immutable)
FAIL: base_sha 'HEAD' is not a real commit
FAIL: head_sha 'HEAD' is not a real commit
FAIL: commands ledger: cannot resolve the tree of head_sha (not a real commit here, or not inside a git repo) — the recorded run cannot be bound to content; fail-closed
FAIL: intent packet incomplete — non-empty ['goal', 'ruled_out', 'why'] required (mutation unit)
FAIL: reviewer_mode must be one of ['cross-vendor', 'instructed-isolation', 'same-vendor-fresh'], got None
FAIL: negative_control.tool must be one of ['cargo-mutants', 'cosmic-ray', 'go-mutesting', 'hand', 'mutmut', 'pitest', 'revert', 'stryker'], got None
FAIL: negative_control.result must record the mutant KILLED / the proof going RED
FAIL: negative_control.artifact (an evidence path) is required
FAIL: mutation unit: no pr.number to look up an independent review — unreviewed
verify: 11 invariant(s) failed — unit is NOT done
..
----------------------------------------------------------------------
Ran 244 tests in 30.377s

OK
......................................................................................................................FAIL: manifest must be a JSON object, got list
verify: evidence manifest malformed/unreadable — unit is NOT done
............................................................................................................................FAIL: base_sha 'HEAD' is not a pinned 40-hex commit SHA (a symbolic ref is not immutable)
FAIL: head_sha 'HEAD' is not a pinned 40-hex commit SHA (a symbolic ref is not immutable)
FAIL: base_sha 'HEAD' is not a real commit
FAIL: head_sha 'HEAD' is not a real commit
FAIL: commands ledger: cannot resolve the tree of head_sha (not a real commit here, or not inside a git repo) — the recorded run cannot be bound to content; fail-closed
FAIL: intent packet incomplete — non-empty ['goal', 'ruled_out', 'why'] required (mutation unit)
FAIL: reviewer_mode must be one of ['cross-vendor', 'instructed-isolation', 'same-vendor-fresh'], got None
FAIL: negative_control.tool must be one of ['cargo-mutants', 'cosmic-ray', 'go-mutesting', 'hand', 'mutmut', 'pitest', 'revert', 'stryker'], got None
FAIL: negative_control.result must record the mutant KILLED / the proof going RED
FAIL: negative_control.artifact (an evidence path) is required
FAIL: mutation unit: no pr.number to look up an independent review — unreviewed
verify: 11 invariant(s) failed — unit is NOT done
..
----------------------------------------------------------------------
Ran 244 tests in 30.360s

OK
......................................................................................................................FAIL: manifest must be a JSON object, got list
verify: evidence manifest malformed/unreadable — unit is NOT done
............................................................................................................................FAIL: base_sha 'HEAD' is not a pinned 40-hex commit SHA (a symbolic ref is not immutable)
FAIL: head_sha 'HEAD' is not a pinned 40-hex commit SHA (a symbolic ref is not immutable)
FAIL: base_sha 'HEAD' is not a real commit
FAIL: head_sha 'HEAD' is not a real commit
FAIL: commands ledger: cannot resolve the tree of head_sha (not a real commit here, or not inside a git repo) — the recorded run cannot be bound to content; fail-closed
FAIL: intent packet incomplete — non-empty ['goal', 'ruled_out', 'why'] required (mutation unit)
FAIL: reviewer_mode must be one of ['cross-vendor', 'instructed-isolation', 'same-vendor-fresh'], got None
FAIL: negative_control.tool must be one of ['cargo-mutants', 'cosmic-ray', 'go-mutesting', 'hand', 'mutmut', 'pitest', 'revert', 'stryker'], got None
FAIL: negative_control.result must record the mutant KILLED / the proof going RED
FAIL: negative_control.artifact (an evidence path) is required
FAIL: mutation unit: no pr.number to look up an independent review — unreviewed
verify: 11 invariant(s) failed — unit is NOT done
..
----------------------------------------------------------------------
Ran 244 tests in 30.254s

OK
......................................................................................................................FAIL: manifest must be a JSON object, got list
verify: evidence manifest malformed/unreadable — unit is NOT done
............................................................................................................................FAIL: base_sha 'HEAD' is not a pinned 40-hex commit SHA (a symbolic ref is not immutable)
FAIL: head_sha 'HEAD' is not a pinned 40-hex commit SHA (a symbolic ref is not immutable)
FAIL: base_sha 'HEAD' is not a real commit
FAIL: head_sha 'HEAD' is not a real commit
FAIL: commands ledger: cannot resolve the tree of head_sha (not a real commit here, or not inside a git repo) — the recorded run cannot be bound to content; fail-closed
FAIL: intent packet incomplete — non-empty ['goal', 'ruled_out', 'why'] required (mutation unit)
FAIL: reviewer_mode must be one of ['cross-vendor', 'instructed-isolation', 'same-vendor-fresh'], got None
FAIL: negative_control.tool must be one of ['cargo-mutants', 'cosmic-ray', 'go-mutesting', 'hand', 'mutmut', 'pitest', 'revert', 'stryker'], got None
FAIL: negative_control.result must record the mutant KILLED / the proof going RED
FAIL: negative_control.artifact (an evidence path) is required
FAIL: mutation unit: no pr.number to look up an independent review — unreviewed
verify: 11 invariant(s) failed — unit is NOT done
..
----------------------------------------------------------------------
Ran 244 tests in 30.333s

OK
......................................................................................................................FAIL: manifest must be a JSON object, got list
verify: evidence manifest malformed/unreadable — unit is NOT done
............................................................................................................................FAIL: base_sha 'HEAD' is not a pinned 40-hex commit SHA (a symbolic ref is not immutable)
FAIL: head_sha 'HEAD' is not a pinned 40-hex commit SHA (a symbolic ref is not immutable)
FAIL: base_sha 'HEAD' is not a real commit
FAIL: head_sha 'HEAD' is not a real commit
FAIL: commands ledger: cannot resolve the tree of head_sha (not a real commit here, or not inside a git repo) — the recorded run cannot be bound to content; fail-closed
FAIL: intent packet incomplete — non-empty ['goal', 'ruled_out', 'why'] required (mutation unit)
FAIL: reviewer_mode must be one of ['cross-vendor', 'instructed-isolation', 'same-vendor-fresh'], got None
FAIL: negative_control.tool must be one of ['cargo-mutants', 'cosmic-ray', 'go-mutesting', 'hand', 'mutmut', 'pitest', 'revert', 'stryker'], got None
FAIL: negative_control.result must record the mutant KILLED / the proof going RED
FAIL: negative_control.artifact (an evidence path) is required
FAIL: mutation unit: no pr.number to look up an independent review — unreviewed
verify: 11 invariant(s) failed — unit is NOT done
..
----------------------------------------------------------------------
Ran 244 tests in 30.546s

OK
......................................................................................................................FAIL: manifest must be a JSON object, got list
verify: evidence manifest malformed/unreadable — unit is NOT done
............................................................................................................................FAIL: base_sha 'HEAD' is not a pinned 40-hex commit SHA (a symbolic ref is not immutable)
FAIL: head_sha 'HEAD' is not a pinned 40-hex commit SHA (a symbolic ref is not immutable)
FAIL: base_sha 'HEAD' is not a real commit
FAIL: head_sha 'HEAD' is not a real commit
FAIL: commands ledger: cannot resolve the tree of head_sha (not a real commit here, or not inside a git repo) — the recorded run cannot be bound to content; fail-closed
FAIL: intent packet incomplete — non-empty ['goal', 'ruled_out', 'why'] required (mutation unit)
FAIL: reviewer_mode must be one of ['cross-vendor', 'instructed-isolation', 'same-vendor-fresh'], got None
FAIL: negative_control.tool must be one of ['cargo-mutants', 'cosmic-ray', 'go-mutesting', 'hand', 'mutmut', 'pitest', 'revert', 'stryker'], got None
FAIL: negative_control.result must record the mutant KILLED / the proof going RED
FAIL: negative_control.artifact (an evidence path) is required
FAIL: mutation unit: no pr.number to look up an independent review — unreviewed
verify: 11 invariant(s) failed — unit is NOT done
..
----------------------------------------------------------------------
Ran 244 tests in 30.605s

OK
......................................................................................................................FAIL: manifest must be a JSON object, got list
verify: evidence manifest malformed/unreadable — unit is NOT done
............................................................................................................................FAIL: base_sha 'HEAD' is not a pinned 40-hex commit SHA (a symbolic ref is not immutable)
FAIL: head_sha 'HEAD' is not a pinned 40-hex commit SHA (a symbolic ref is not immutable)
FAIL: base_sha 'HEAD' is not a real commit
FAIL: head_sha 'HEAD' is not a real commit
FAIL: commands ledger: cannot resolve the tree of head_sha (not a real commit here, or not inside a git repo) — the recorded run cannot be bound to content; fail-closed
FAIL: intent packet incomplete — non-empty ['goal', 'ruled_out', 'why'] required (mutation unit)
FAIL: reviewer_mode must be one of ['cross-vendor', 'instructed-isolation', 'same-vendor-fresh'], got None
FAIL: negative_control.tool must be one of ['cargo-mutants', 'cosmic-ray', 'go-mutesting', 'hand', 'mutmut', 'pitest', 'revert', 'stryker'], got None
FAIL: negative_control.result must record the mutant KILLED / the proof going RED
FAIL: negative_control.artifact (an evidence path) is required
FAIL: mutation unit: no pr.number to look up an independent review — unreviewed
verify: 11 invariant(s) failed — unit is NOT done
..
----------------------------------------------------------------------
Ran 244 tests in 30.516s

OK
......................................................................................................................FAIL: manifest must be a JSON object, got list
verify: evidence manifest malformed/unreadable — unit is NOT done
............................................................................................................................FAIL: base_sha 'HEAD' is not a pinned 40-hex commit SHA (a symbolic ref is not immutable)
FAIL: head_sha 'HEAD' is not a pinned 40-hex commit SHA (a symbolic ref is not immutable)
FAIL: base_sha 'HEAD' is not a real commit
FAIL: head_sha 'HEAD' is not a real commit
FAIL: commands ledger: cannot resolve the tree of head_sha (not a real commit here, or not inside a git repo) — the recorded run cannot be bound to content; fail-closed
FAIL: intent packet incomplete — non-empty ['goal', 'ruled_out', 'why'] required (mutation unit)
FAIL: reviewer_mode must be one of ['cross-vendor', 'instructed-isolation', 'same-vendor-fresh'], got None
FAIL: negative_control.tool must be one of ['cargo-mutants', 'cosmic-ray', 'go-mutesting', 'hand', 'mutmut', 'pitest', 'revert', 'stryker'], got None
FAIL: negative_control.result must record the mutant KILLED / the proof going RED
FAIL: negative_control.artifact (an evidence path) is required
FAIL: mutation unit: no pr.number to look up an independent review — unreviewed
verify: 11 invariant(s) failed — unit is NOT done
..
----------------------------------------------------------------------
Ran 244 tests in 30.359s

OK
......................................................................................................................FAIL: manifest must be a JSON object, got list
verify: evidence manifest malformed/unreadable — unit is NOT done
............................................................................................................................FAIL: base_sha 'HEAD' is not a pinned 40-hex commit SHA (a symbolic ref is not immutable)
FAIL: head_sha 'HEAD' is not a pinned 40-hex commit SHA (a symbolic ref is not immutable)
FAIL: base_sha 'HEAD' is not a real commit
FAIL: head_sha 'HEAD' is not a real commit
FAIL: commands ledger: cannot resolve the tree of head_sha (not a real commit here, or not inside a git repo) — the recorded run cannot be bound to content; fail-closed
FAIL: intent packet incomplete — non-empty ['goal', 'ruled_out', 'why'] required (mutation unit)
FAIL: reviewer_mode must be one of ['cross-vendor', 'instructed-isolation', 'same-vendor-fresh'], got None
FAIL: negative_control.tool must be one of ['cargo-mutants', 'cosmic-ray', 'go-mutesting', 'hand', 'mutmut', 'pitest', 'revert', 'stryker'], got None
FAIL: negative_control.result must record the mutant KILLED / the proof going RED
FAIL: negative_control.artifact (an evidence path) is required
FAIL: mutation unit: no pr.number to look up an independent review — unreviewed
verify: 11 invariant(s) failed — unit is NOT done
..
----------------------------------------------------------------------
Ran 244 tests in 30.462s

OK
......................................................................................................................FAIL: manifest must be a JSON object, got list
verify: evidence manifest malformed/unreadable — unit is NOT done
............................................................................................................................FAIL: base_sha 'HEAD' is not a pinned 40-hex commit SHA (a symbolic ref is not immutable)
FAIL: head_sha 'HEAD' is not a pinned 40-hex commit SHA (a symbolic ref is not immutable)
FAIL: base_sha 'HEAD' is not a real commit
FAIL: head_sha 'HEAD' is not a real commit
FAIL: commands ledger: cannot resolve the tree of head_sha (not a real commit here, or not inside a git repo) — the recorded run cannot be bound to content; fail-closed
FAIL: intent packet incomplete — non-empty ['goal', 'ruled_out', 'why'] required (mutation unit)
FAIL: reviewer_mode must be one of ['cross-vendor', 'instructed-isolation', 'same-vendor-fresh'], got None
FAIL: negative_control.tool must be one of ['cargo-mutants', 'cosmic-ray', 'go-mutesting', 'hand', 'mutmut', 'pitest', 'revert', 'stryker'], got None
FAIL: negative_control.result must record the mutant KILLED / the proof going RED
FAIL: negative_control.artifact (an evidence path) is required
FAIL: mutation unit: no pr.number to look up an independent review — unreviewed
verify: 11 invariant(s) failed — unit is NOT done
..
----------------------------------------------------------------------
Ran 244 tests in 30.649s

OK
......................................................................................................................FAIL: manifest must be a JSON object, got list
verify: evidence manifest malformed/unreadable — unit is NOT done
............................................................................................................................FAIL: base_sha 'HEAD' is not a pinned 40-hex commit SHA (a symbolic ref is not immutable)
FAIL: head_sha 'HEAD' is not a pinned 40-hex commit SHA (a symbolic ref is not immutable)
FAIL: base_sha 'HEAD' is not a real commit
FAIL: head_sha 'HEAD' is not a real commit
FAIL: commands ledger: cannot resolve the tree of head_sha (not a real commit here, or not inside a git repo) — the recorded run cannot be bound to content; fail-closed
FAIL: intent packet incomplete — non-empty ['goal', 'ruled_out', 'why'] required (mutation unit)
FAIL: reviewer_mode must be one of ['cross-vendor', 'instructed-isolation', 'same-vendor-fresh'], got None
FAIL: negative_control.tool must be one of ['cargo-mutants', 'cosmic-ray', 'go-mutesting', 'hand', 'mutmut', 'pitest', 'revert', 'stryker'], got None
FAIL: negative_control.result must record the mutant KILLED / the proof going RED
FAIL: negative_control.artifact (an evidence path) is required
FAIL: mutation unit: no pr.number to look up an independent review — unreviewed
verify: 11 invariant(s) failed — unit is NOT done
..
----------------------------------------------------------------------
Ran 244 tests in 30.353s

OK
......................................................................................................................FAIL: manifest must be a JSON object, got list
verify: evidence manifest malformed/unreadable — unit is NOT done
............................................................................................................................FAIL: base_sha 'HEAD' is not a pinned 40-hex commit SHA (a symbolic ref is not immutable)
FAIL: head_sha 'HEAD' is not a pinned 40-hex commit SHA (a symbolic ref is not immutable)
FAIL: base_sha 'HEAD' is not a real commit
FAIL: head_sha 'HEAD' is not a real commit
FAIL: commands ledger: cannot resolve the tree of head_sha (not a real commit here, or not inside a git repo) — the recorded run cannot be bound to content; fail-closed
FAIL: intent packet incomplete — non-empty ['goal', 'ruled_out', 'why'] required (mutation unit)
FAIL: reviewer_mode must be one of ['cross-vendor', 'instructed-isolation', 'same-vendor-fresh'], got None
FAIL: negative_control.tool must be one of ['cargo-mutants', 'cosmic-ray', 'go-mutesting', 'hand', 'mutmut', 'pitest', 'revert', 'stryker'], got None
FAIL: negative_control.result must record the mutant KILLED / the proof going RED
FAIL: negative_control.artifact (an evidence path) is required
FAIL: mutation unit: no pr.number to look up an independent review — unreviewed
verify: 11 invariant(s) failed — unit is NOT done
..
----------------------------------------------------------------------
Ran 244 tests in 30.364s

OK
......................................................................................................................FAIL: manifest must be a JSON object, got list
verify: evidence manifest malformed/unreadable — unit is NOT done
............................................................................................................................FAIL: base_sha 'HEAD' is not a pinned 40-hex commit SHA (a symbolic ref is not immutable)
FAIL: head_sha 'HEAD' is not a pinned 40-hex commit SHA (a symbolic ref is not immutable)
FAIL: base_sha 'HEAD' is not a real commit
FAIL: head_sha 'HEAD' is not a real commit
FAIL: commands ledger: cannot resolve the tree of head_sha (not a real commit here, or not inside a git repo) — the recorded run cannot be bound to content; fail-closed
FAIL: intent packet incomplete — non-empty ['goal', 'ruled_out', 'why'] required (mutation unit)
FAIL: reviewer_mode must be one of ['cross-vendor', 'instructed-isolation', 'same-vendor-fresh'], got None
FAIL: negative_control.tool must be one of ['cargo-mutants', 'cosmic-ray', 'go-mutesting', 'hand', 'mutmut', 'pitest', 'revert', 'stryker'], got None
FAIL: negative_control.result must record the mutant KILLED / the proof going RED
FAIL: negative_control.artifact (an evidence path) is required
FAIL: mutation unit: no pr.number to look up an independent review — unreviewed
verify: 11 invariant(s) failed — unit is NOT done
..
----------------------------------------------------------------------
Ran 244 tests in 30.358s

OK
......................................................................................................................FAIL: manifest must be a JSON object, got list
verify: evidence manifest malformed/unreadable — unit is NOT done
............................................................................................................................FAIL: base_sha 'HEAD' is not a pinned 40-hex commit SHA (a symbolic ref is not immutable)
FAIL: head_sha 'HEAD' is not a pinned 40-hex commit SHA (a symbolic ref is not immutable)
FAIL: base_sha 'HEAD' is not a real commit
FAIL: head_sha 'HEAD' is not a real commit
FAIL: commands ledger: cannot resolve the tree of head_sha (not a real commit here, or not inside a git repo) — the recorded run cannot be bound to content; fail-closed
FAIL: intent packet incomplete — non-empty ['goal', 'ruled_out', 'why'] required (mutation unit)
FAIL: reviewer_mode must be one of ['cross-vendor', 'instructed-isolation', 'same-vendor-fresh'], got None
FAIL: negative_control.tool must be one of ['cargo-mutants', 'cosmic-ray', 'go-mutesting', 'hand', 'mutmut', 'pitest', 'revert', 'stryker'], got None
FAIL: negative_control.result must record the mutant KILLED / the proof going RED
FAIL: negative_control.artifact (an evidence path) is required
FAIL: mutation unit: no pr.number to look up an independent review — unreviewed
verify: 11 invariant(s) failed — unit is NOT done
..
----------------------------------------------------------------------
Ran 244 tests in 30.385s

OK
......................................................................................................................FAIL: manifest must be a JSON object, got list
verify: evidence manifest malformed/unreadable — unit is NOT done
............................................................................................................................FAIL: base_sha 'HEAD' is not a pinned 40-hex commit SHA (a symbolic ref is not immutable)
FAIL: head_sha 'HEAD' is not a pinned 40-hex commit SHA (a symbolic ref is not immutable)
FAIL: base_sha 'HEAD' is not a real commit
FAIL: head_sha 'HEAD' is not a real commit
FAIL: commands ledger: cannot resolve the tree of head_sha (not a real commit here, or not inside a git repo) — the recorded run cannot be bound to content; fail-closed
FAIL: intent packet incomplete — non-empty ['goal', 'ruled_out', 'why'] required (mutation unit)
FAIL: reviewer_mode must be one of ['cross-vendor', 'instructed-isolation', 'same-vendor-fresh'], got None
FAIL: negative_control.tool must be one of ['cargo-mutants', 'cosmic-ray', 'go-mutesting', 'hand', 'mutmut', 'pitest', 'revert', 'stryker'], got None
FAIL: negative_control.result must record the mutant KILLED / the proof going RED
FAIL: negative_control.artifact (an evidence path) is required
FAIL: mutation unit: no pr.number to look up an independent review — unreviewed
verify: 11 invariant(s) failed — unit is NOT done
..
----------------------------------------------------------------------
Ran 244 tests in 30.356s

OK
......................................................................................................................FAIL: manifest must be a JSON object, got list
verify: evidence manifest malformed/unreadable — unit is NOT done
............................................................................................................................FAIL: base_sha 'HEAD' is not a pinned 40-hex commit SHA (a symbolic ref is not immutable)
FAIL: head_sha 'HEAD' is not a pinned 40-hex commit SHA (a symbolic ref is not immutable)
FAIL: base_sha 'HEAD' is not a real commit
FAIL: head_sha 'HEAD' is not a real commit
FAIL: commands ledger: cannot resolve the tree of head_sha (not a real commit here, or not inside a git repo) — the recorded run cannot be bound to content; fail-closed
FAIL: intent packet incomplete — non-empty ['goal', 'ruled_out', 'why'] required (mutation unit)
FAIL: reviewer_mode must be one of ['cross-vendor', 'instructed-isolation', 'same-vendor-fresh'], got None
FAIL: negative_control.tool must be one of ['cargo-mutants', 'cosmic-ray', 'go-mutesting', 'hand', 'mutmut', 'pitest', 'revert', 'stryker'], got None
FAIL: negative_control.result must record the mutant KILLED / the proof going RED
FAIL: negative_control.artifact (an evidence path) is required
FAIL: mutation unit: no pr.number to look up an independent review — unreviewed
verify: 11 invariant(s) failed — unit is NOT done
..
----------------------------------------------------------------------
Ran 244 tests in 30.497s

OK
......................................................................................................................FAIL: manifest must be a JSON object, got list
verify: evidence manifest malformed/unreadable — unit is NOT done
............................................................................................................................FAIL: base_sha 'HEAD' is not a pinned 40-hex commit SHA (a symbolic ref is not immutable)
FAIL: head_sha 'HEAD' is not a pinned 40-hex commit SHA (a symbolic ref is not immutable)
FAIL: base_sha 'HEAD' is not a real commit
FAIL: head_sha 'HEAD' is not a real commit
FAIL: commands ledger: cannot resolve the tree of head_sha (not a real commit here, or not inside a git repo) — the recorded run cannot be bound to content; fail-closed
FAIL: intent packet incomplete — non-empty ['goal', 'ruled_out', 'why'] required (mutation unit)
FAIL: reviewer_mode must be one of ['cross-vendor', 'instructed-isolation', 'same-vendor-fresh'], got None
FAIL: negative_control.tool must be one of ['cargo-mutants', 'cosmic-ray', 'go-mutesting', 'hand', 'mutmut', 'pitest', 'revert', 'stryker'], got None
FAIL: negative_control.result must record the mutant KILLED / the proof going RED
FAIL: negative_control.artifact (an evidence path) is required
FAIL: mutation unit: no pr.number to look up an independent review — unreviewed
verify: 11 invariant(s) failed — unit is NOT done
..
----------------------------------------------------------------------
Ran 244 tests in 30.548s

OK
......................................................................................................................FAIL: manifest must be a JSON object, got list
verify: evidence manifest malformed/unreadable — unit is NOT done
............................................................................................................................FAIL: base_sha 'HEAD' is not a pinned 40-hex commit SHA (a symbolic ref is not immutable)
FAIL: head_sha 'HEAD' is not a pinned 40-hex commit SHA (a symbolic ref is not immutable)
FAIL: base_sha 'HEAD' is not a real commit
FAIL: head_sha 'HEAD' is not a real commit
FAIL: commands ledger: cannot resolve the tree of head_sha (not a real commit here, or not inside a git repo) — the recorded run cannot be bound to content; fail-closed
FAIL: intent packet incomplete — non-empty ['goal', 'ruled_out', 'why'] required (mutation unit)
FAIL: reviewer_mode must be one of ['cross-vendor', 'instructed-isolation', 'same-vendor-fresh'], got None
FAIL: negative_control.tool must be one of ['cargo-mutants', 'cosmic-ray', 'go-mutesting', 'hand', 'mutmut', 'pitest', 'revert', 'stryker'], got None
FAIL: negative_control.result must record the mutant KILLED / the proof going RED
FAIL: negative_control.artifact (an evidence path) is required
FAIL: mutation unit: no pr.number to look up an independent review — unreviewed
verify: 11 invariant(s) failed — unit is NOT done
..
----------------------------------------------------------------------
Ran 244 tests in 30.699s

OK
......................................................................................................................FAIL: manifest must be a JSON object, got list
verify: evidence manifest malformed/unreadable — unit is NOT done
............................................................................................................................FAIL: base_sha 'HEAD' is not a pinned 40-hex commit SHA (a symbolic ref is not immutable)
FAIL: head_sha 'HEAD' is not a pinned 40-hex commit SHA (a symbolic ref is not immutable)
FAIL: base_sha 'HEAD' is not a real commit
FAIL: head_sha 'HEAD' is not a real commit
FAIL: commands ledger: cannot resolve the tree of head_sha (not a real commit here, or not inside a git repo) — the recorded run cannot be bound to content; fail-closed
FAIL: intent packet incomplete — non-empty ['goal', 'ruled_out', 'why'] required (mutation unit)
FAIL: reviewer_mode must be one of ['cross-vendor', 'instructed-isolation', 'same-vendor-fresh'], got None
FAIL: negative_control.tool must be one of ['cargo-mutants', 'cosmic-ray', 'go-mutesting', 'hand', 'mutmut', 'pitest', 'revert', 'stryker'], got None
FAIL: negative_control.result must record the mutant KILLED / the proof going RED
FAIL: negative_control.artifact (an evidence path) is required
FAIL: mutation unit: no pr.number to look up an independent review — unreviewed
verify: 11 invariant(s) failed — unit is NOT done
..
----------------------------------------------------------------------
Ran 244 tests in 30.549s

OK
STREAK-module end 2026-09-16T11:16:09Z HEAD=5bd2672f074b6656c6bc7becce43fc50fefd79d1 pass=30 fail=0 consecutive_green=30
