STREAK-full start 2026-09-16T11:17:54Z N=10 HEAD=5bd2672f074b6656c6bc7becce43fc50fefd79d1 host=Darwin 25.6.0 arm64
...........................................................................bind-check: base ref 'does-not-exist-anywhere' does not resolve to a merge-base with HEAD
.............................................................................................................................................................................................................................................................................................................................................................................................................................................................................................................................................................................................................................................................................................................................................................................................................................FAIL: gamma-bad (self-run) — unresolvable proof_evidence: docs/runs/does-not-exist.md
proof-status: 1 mission(s) above doctrine-only missing evidence
...FAIL: gamma-bad (self-run) — unresolvable proof_evidence: docs/runs/does-not-exist.md
proof-status: 1 mission(s) above doctrine-only missing evidence
.FAIL: delta-abs (self-run) — unresolvable proof_evidence: /var/folders/65/nfjkpf196n5_xrwbkyrrgqrc0000gn/T/tmpsr_h2qn1/external-report.md
FAIL: epsilon-trav (external-run) — unresolvable proof_evidence: ../tmpsr_h2qn1/external-report.md
FAIL: gamma-bad (self-run) — unresolvable proof_evidence: docs/runs/does-not-exist.md
proof-status: 3 mission(s) above doctrine-only missing evidence
..........................................................................................................................................................................................................................................................................................................................................................................................................FAIL: manifest must be a JSON object, got list
verify: evidence manifest malformed/unreadable — unit is NOT done
............................................................................................................................FAIL: base_sha 'HEAD' is not a pinned 40-hex commit SHA (a symbolic ref is not immutable)
FAIL: head_sha 'HEAD' is not a pinned 40-hex commit SHA (a symbolic ref is not immutable)
FAIL: base_sha 'HEAD' is not a real commit
FAIL: head_sha 'HEAD' is not a real commit
FAIL: commands ledger: cannot resolve the tree of head_sha (not a real commit here, or not inside a git repo) — the recorded run cannot be bound to content; fail-closed
FAIL: intent packet incomplete — non-empty ['goal', 'ruled_out', 'why'] required (mutation unit)
FAIL: reviewer_mode must be one of ['cross-vendor', 'instructed-isolation', 'same-vendor-fresh'], got None
FAIL: negative_control.tool must be one of ['cargo-mutants', 'cosmic-ray', 'go-mutesting', 'hand', 'mutmut', 'pitest', 'revert', 'stryker'], got None
FAIL: negative_control.result must record the mutant KILLED / the proof going RED
FAIL: negative_control.artifact (an evidence path) is required
FAIL: mutation unit: no pr.number to look up an independent review — unreviewed
verify: 11 invariant(s) failed — unit is NOT done
.................................................................................................
----------------------------------------------------------------------
Ran 1491 tests in 249.783s

OK
bundle: 21 self-contained mission(s) in a temp dir; no reference leaves its directory
bound clean-sweep (self-run) — docs/runs/2026-09-14-clean-sweep-self-run.md
bound prove-it (self-run) — docs/runs/2026-09-16-prove-it-self-run.md
wrote assets/badges/missions.json: 21
wrote assets/badges/tests.json: 1 in source
wrote assets/badges/missions.json: 21
wrote assets/badges/tests.json: 1 in source
wrote assets/badges/missions.json: 21
wrote assets/badges/tests.json: 0 in source
wrote assets/badges/missions.json: 21
wrote assets/badges/tests.json: 1 in source
wrote assets/badges/missions.json: 21
wrote assets/badges/tests.json: 2 in source
wrote assets/badges/missions.json: 21
wrote assets/badges/tests.json: 0 in source
...........................................................................bind-check: base ref 'does-not-exist-anywhere' does not resolve to a merge-base with HEAD
.............................................................................................................................................................................................................................................................................................................................................................................................................................................................................................................................................................................................................................................................................................................................................................................................................................FAIL: gamma-bad (self-run) — unresolvable proof_evidence: docs/runs/does-not-exist.md
proof-status: 1 mission(s) above doctrine-only missing evidence
...FAIL: gamma-bad (self-run) — unresolvable proof_evidence: docs/runs/does-not-exist.md
proof-status: 1 mission(s) above doctrine-only missing evidence
.FAIL: delta-abs (self-run) — unresolvable proof_evidence: /var/folders/65/nfjkpf196n5_xrwbkyrrgqrc0000gn/T/tmp0511xvak/external-report.md
FAIL: epsilon-trav (external-run) — unresolvable proof_evidence: ../tmp0511xvak/external-report.md
FAIL: gamma-bad (self-run) — unresolvable proof_evidence: docs/runs/does-not-exist.md
proof-status: 3 mission(s) above doctrine-only missing evidence
..........................................................................................................................................................................................................................................................................................................................................................................................................FAIL: manifest must be a JSON object, got list
verify: evidence manifest malformed/unreadable — unit is NOT done
............................................................................................................................FAIL: base_sha 'HEAD' is not a pinned 40-hex commit SHA (a symbolic ref is not immutable)
FAIL: head_sha 'HEAD' is not a pinned 40-hex commit SHA (a symbolic ref is not immutable)
FAIL: base_sha 'HEAD' is not a real commit
FAIL: head_sha 'HEAD' is not a real commit
FAIL: commands ledger: cannot resolve the tree of head_sha (not a real commit here, or not inside a git repo) — the recorded run cannot be bound to content; fail-closed
FAIL: intent packet incomplete — non-empty ['goal', 'ruled_out', 'why'] required (mutation unit)
FAIL: reviewer_mode must be one of ['cross-vendor', 'instructed-isolation', 'same-vendor-fresh'], got None
FAIL: negative_control.tool must be one of ['cargo-mutants', 'cosmic-ray', 'go-mutesting', 'hand', 'mutmut', 'pitest', 'revert', 'stryker'], got None
FAIL: negative_control.result must record the mutant KILLED / the proof going RED
FAIL: negative_control.artifact (an evidence path) is required
FAIL: mutation unit: no pr.number to look up an independent review — unreviewed
verify: 11 invariant(s) failed — unit is NOT done
.................................................................................................
----------------------------------------------------------------------
Ran 1491 tests in 244.894s

OK
bundle: 21 self-contained mission(s) in a temp dir; no reference leaves its directory
bound clean-sweep (self-run) — docs/runs/2026-09-14-clean-sweep-self-run.md
bound prove-it (self-run) — docs/runs/2026-09-16-prove-it-self-run.md
wrote assets/badges/missions.json: 21
wrote assets/badges/tests.json: 1 in source
wrote assets/badges/missions.json: 21
wrote assets/badges/tests.json: 1 in source
wrote assets/badges/missions.json: 21
wrote assets/badges/tests.json: 0 in source
wrote assets/badges/missions.json: 21
wrote assets/badges/tests.json: 1 in source
wrote assets/badges/missions.json: 21
wrote assets/badges/tests.json: 2 in source
wrote assets/badges/missions.json: 21
wrote assets/badges/tests.json: 0 in source
...........................................................................bind-check: base ref 'does-not-exist-anywhere' does not resolve to a merge-base with HEAD
.............................................................................................................................................................................................................................................................................................................................................................................................................................................................................................................................................................................................................................................................................................................................................................................................................................FAIL: gamma-bad (self-run) — unresolvable proof_evidence: docs/runs/does-not-exist.md
proof-status: 1 mission(s) above doctrine-only missing evidence
...FAIL: gamma-bad (self-run) — unresolvable proof_evidence: docs/runs/does-not-exist.md
proof-status: 1 mission(s) above doctrine-only missing evidence
.FAIL: delta-abs (self-run) — unresolvable proof_evidence: /var/folders/65/nfjkpf196n5_xrwbkyrrgqrc0000gn/T/tmprro_hjj3/external-report.md
FAIL: epsilon-trav (external-run) — unresolvable proof_evidence: ../tmprro_hjj3/external-report.md
FAIL: gamma-bad (self-run) — unresolvable proof_evidence: docs/runs/does-not-exist.md
proof-status: 3 mission(s) above doctrine-only missing evidence
..........................................................................................................................................................................................................................................................................................................................................................................................................FAIL: manifest must be a JSON object, got list
verify: evidence manifest malformed/unreadable — unit is NOT done
............................................................................................................................FAIL: base_sha 'HEAD' is not a pinned 40-hex commit SHA (a symbolic ref is not immutable)
FAIL: head_sha 'HEAD' is not a pinned 40-hex commit SHA (a symbolic ref is not immutable)
FAIL: base_sha 'HEAD' is not a real commit
FAIL: head_sha 'HEAD' is not a real commit
FAIL: commands ledger: cannot resolve the tree of head_sha (not a real commit here, or not inside a git repo) — the recorded run cannot be bound to content; fail-closed
FAIL: intent packet incomplete — non-empty ['goal', 'ruled_out', 'why'] required (mutation unit)
FAIL: reviewer_mode must be one of ['cross-vendor', 'instructed-isolation', 'same-vendor-fresh'], got None
FAIL: negative_control.tool must be one of ['cargo-mutants', 'cosmic-ray', 'go-mutesting', 'hand', 'mutmut', 'pitest', 'revert', 'stryker'], got None
FAIL: negative_control.result must record the mutant KILLED / the proof going RED
FAIL: negative_control.artifact (an evidence path) is required
FAIL: mutation unit: no pr.number to look up an independent review — unreviewed
verify: 11 invariant(s) failed — unit is NOT done
.................................................................................................
----------------------------------------------------------------------
Ran 1491 tests in 251.550s

OK
bundle: 21 self-contained mission(s) in a temp dir; no reference leaves its directory
bound clean-sweep (self-run) — docs/runs/2026-09-14-clean-sweep-self-run.md
bound prove-it (self-run) — docs/runs/2026-09-16-prove-it-self-run.md
wrote assets/badges/missions.json: 21
wrote assets/badges/tests.json: 1 in source
wrote assets/badges/missions.json: 21
wrote assets/badges/tests.json: 1 in source
wrote assets/badges/missions.json: 21
wrote assets/badges/tests.json: 0 in source
wrote assets/badges/missions.json: 21
wrote assets/badges/tests.json: 1 in source
wrote assets/badges/missions.json: 21
wrote assets/badges/tests.json: 2 in source
wrote assets/badges/missions.json: 21
wrote assets/badges/tests.json: 0 in source
...........................................................................bind-check: base ref 'does-not-exist-anywhere' does not resolve to a merge-base with HEAD
.............................................................................................................................................................................................................................................................................................................................................................................................................................................................................................................................................................................................................................................................................................................................................................................................................................FAIL: gamma-bad (self-run) — unresolvable proof_evidence: docs/runs/does-not-exist.md
proof-status: 1 mission(s) above doctrine-only missing evidence
...FAIL: gamma-bad (self-run) — unresolvable proof_evidence: docs/runs/does-not-exist.md
proof-status: 1 mission(s) above doctrine-only missing evidence
.FAIL: delta-abs (self-run) — unresolvable proof_evidence: /var/folders/65/nfjkpf196n5_xrwbkyrrgqrc0000gn/T/tmp_5qkyzc5/external-report.md
FAIL: epsilon-trav (external-run) — unresolvable proof_evidence: ../tmp_5qkyzc5/external-report.md
FAIL: gamma-bad (self-run) — unresolvable proof_evidence: docs/runs/does-not-exist.md
proof-status: 3 mission(s) above doctrine-only missing evidence
..........................................................................................................................................................................................................................................................................................................................................................................................................FAIL: manifest must be a JSON object, got list
verify: evidence manifest malformed/unreadable — unit is NOT done
............................................................................................................................FAIL: base_sha 'HEAD' is not a pinned 40-hex commit SHA (a symbolic ref is not immutable)
FAIL: head_sha 'HEAD' is not a pinned 40-hex commit SHA (a symbolic ref is not immutable)
FAIL: base_sha 'HEAD' is not a real commit
FAIL: head_sha 'HEAD' is not a real commit
FAIL: commands ledger: cannot resolve the tree of head_sha (not a real commit here, or not inside a git repo) — the recorded run cannot be bound to content; fail-closed
FAIL: intent packet incomplete — non-empty ['goal', 'ruled_out', 'why'] required (mutation unit)
FAIL: reviewer_mode must be one of ['cross-vendor', 'instructed-isolation', 'same-vendor-fresh'], got None
FAIL: negative_control.tool must be one of ['cargo-mutants', 'cosmic-ray', 'go-mutesting', 'hand', 'mutmut', 'pitest', 'revert', 'stryker'], got None
FAIL: negative_control.result must record the mutant KILLED / the proof going RED
FAIL: negative_control.artifact (an evidence path) is required
FAIL: mutation unit: no pr.number to look up an independent review — unreviewed
verify: 11 invariant(s) failed — unit is NOT done
.................................................................................................
----------------------------------------------------------------------
Ran 1491 tests in 246.500s

OK
bundle: 21 self-contained mission(s) in a temp dir; no reference leaves its directory
bound clean-sweep (self-run) — docs/runs/2026-09-14-clean-sweep-self-run.md
bound prove-it (self-run) — docs/runs/2026-09-16-prove-it-self-run.md
wrote assets/badges/missions.json: 21
wrote assets/badges/tests.json: 1 in source
wrote assets/badges/missions.json: 21
wrote assets/badges/tests.json: 1 in source
wrote assets/badges/missions.json: 21
wrote assets/badges/tests.json: 0 in source
wrote assets/badges/missions.json: 21
wrote assets/badges/tests.json: 1 in source
wrote assets/badges/missions.json: 21
wrote assets/badges/tests.json: 2 in source
wrote assets/badges/missions.json: 21
wrote assets/badges/tests.json: 0 in source
...........................................................................bind-check: base ref 'does-not-exist-anywhere' does not resolve to a merge-base with HEAD
.............................................................................................................................................................................................................................................................................................................................................................................................................................................................................................................................................................................................................................................................................................................................................................................................................................FAIL: gamma-bad (self-run) — unresolvable proof_evidence: docs/runs/does-not-exist.md
proof-status: 1 mission(s) above doctrine-only missing evidence
...FAIL: gamma-bad (self-run) — unresolvable proof_evidence: docs/runs/does-not-exist.md
proof-status: 1 mission(s) above doctrine-only missing evidence
.FAIL: delta-abs (self-run) — unresolvable proof_evidence: /var/folders/65/nfjkpf196n5_xrwbkyrrgqrc0000gn/T/tmpzfz1pefk/external-report.md
FAIL: epsilon-trav (external-run) — unresolvable proof_evidence: ../tmpzfz1pefk/external-report.md
FAIL: gamma-bad (self-run) — unresolvable proof_evidence: docs/runs/does-not-exist.md
proof-status: 3 mission(s) above doctrine-only missing evidence
..........................................................................................................................................................................................................................................................................................................................................................................................................FAIL: manifest must be a JSON object, got list
verify: evidence manifest malformed/unreadable — unit is NOT done
............................................................................................................................FAIL: base_sha 'HEAD' is not a pinned 40-hex commit SHA (a symbolic ref is not immutable)
FAIL: head_sha 'HEAD' is not a pinned 40-hex commit SHA (a symbolic ref is not immutable)
FAIL: base_sha 'HEAD' is not a real commit
FAIL: head_sha 'HEAD' is not a real commit
FAIL: commands ledger: cannot resolve the tree of head_sha (not a real commit here, or not inside a git repo) — the recorded run cannot be bound to content; fail-closed
FAIL: intent packet incomplete — non-empty ['goal', 'ruled_out', 'why'] required (mutation unit)
FAIL: reviewer_mode must be one of ['cross-vendor', 'instructed-isolation', 'same-vendor-fresh'], got None
FAIL: negative_control.tool must be one of ['cargo-mutants', 'cosmic-ray', 'go-mutesting', 'hand', 'mutmut', 'pitest', 'revert', 'stryker'], got None
FAIL: negative_control.result must record the mutant KILLED / the proof going RED
FAIL: negative_control.artifact (an evidence path) is required
FAIL: mutation unit: no pr.number to look up an independent review — unreviewed
verify: 11 invariant(s) failed — unit is NOT done
.................................................................................................
----------------------------------------------------------------------
Ran 1491 tests in 250.706s

OK
bundle: 21 self-contained mission(s) in a temp dir; no reference leaves its directory
bound clean-sweep (self-run) — docs/runs/2026-09-14-clean-sweep-self-run.md
bound prove-it (self-run) — docs/runs/2026-09-16-prove-it-self-run.md
wrote assets/badges/missions.json: 21
wrote assets/badges/tests.json: 1 in source
wrote assets/badges/missions.json: 21
wrote assets/badges/tests.json: 1 in source
wrote assets/badges/missions.json: 21
wrote assets/badges/tests.json: 0 in source
wrote assets/badges/missions.json: 21
wrote assets/badges/tests.json: 1 in source
wrote assets/badges/missions.json: 21
wrote assets/badges/tests.json: 2 in source
wrote assets/badges/missions.json: 21
wrote assets/badges/tests.json: 0 in source
...........................................................................bind-check: base ref 'does-not-exist-anywhere' does not resolve to a merge-base with HEAD
.............................................................................................................................................................................................................................................................................................................................................................................................................................................................................................................................................................................................................................................................................................................................................................................................................................FAIL: gamma-bad (self-run) — unresolvable proof_evidence: docs/runs/does-not-exist.md
proof-status: 1 mission(s) above doctrine-only missing evidence
...FAIL: gamma-bad (self-run) — unresolvable proof_evidence: docs/runs/does-not-exist.md
proof-status: 1 mission(s) above doctrine-only missing evidence
.FAIL: delta-abs (self-run) — unresolvable proof_evidence: /var/folders/65/nfjkpf196n5_xrwbkyrrgqrc0000gn/T/tmp2nallauc/external-report.md
FAIL: epsilon-trav (external-run) — unresolvable proof_evidence: ../tmp2nallauc/external-report.md
FAIL: gamma-bad (self-run) — unresolvable proof_evidence: docs/runs/does-not-exist.md
proof-status: 3 mission(s) above doctrine-only missing evidence
..........................................................................................................................................................................................................................................................................................................................................................................................................FAIL: manifest must be a JSON object, got list
verify: evidence manifest malformed/unreadable — unit is NOT done
............................................................................................................................FAIL: base_sha 'HEAD' is not a pinned 40-hex commit SHA (a symbolic ref is not immutable)
FAIL: head_sha 'HEAD' is not a pinned 40-hex commit SHA (a symbolic ref is not immutable)
FAIL: base_sha 'HEAD' is not a real commit
FAIL: head_sha 'HEAD' is not a real commit
FAIL: commands ledger: cannot resolve the tree of head_sha (not a real commit here, or not inside a git repo) — the recorded run cannot be bound to content; fail-closed
FAIL: intent packet incomplete — non-empty ['goal', 'ruled_out', 'why'] required (mutation unit)
FAIL: reviewer_mode must be one of ['cross-vendor', 'instructed-isolation', 'same-vendor-fresh'], got None
FAIL: negative_control.tool must be one of ['cargo-mutants', 'cosmic-ray', 'go-mutesting', 'hand', 'mutmut', 'pitest', 'revert', 'stryker'], got None
FAIL: negative_control.result must record the mutant KILLED / the proof going RED
FAIL: negative_control.artifact (an evidence path) is required
FAIL: mutation unit: no pr.number to look up an independent review — unreviewed
verify: 11 invariant(s) failed — unit is NOT done
.................................................................................................
----------------------------------------------------------------------
Ran 1491 tests in 244.760s

OK
bundle: 21 self-contained mission(s) in a temp dir; no reference leaves its directory
bound clean-sweep (self-run) — docs/runs/2026-09-14-clean-sweep-self-run.md
bound prove-it (self-run) — docs/runs/2026-09-16-prove-it-self-run.md
wrote assets/badges/missions.json: 21
wrote assets/badges/tests.json: 1 in source
wrote assets/badges/missions.json: 21
wrote assets/badges/tests.json: 1 in source
wrote assets/badges/missions.json: 21
wrote assets/badges/tests.json: 0 in source
wrote assets/badges/missions.json: 21
wrote assets/badges/tests.json: 1 in source
wrote assets/badges/missions.json: 21
wrote assets/badges/tests.json: 2 in source
wrote assets/badges/missions.json: 21
wrote assets/badges/tests.json: 0 in source
...........................................................................bind-check: base ref 'does-not-exist-anywhere' does not resolve to a merge-base with HEAD
.............................................................................................................................................................................................................................................................................................................................................................................................................................................................................................................................................................................................................................................................................................................................................................................................................................FAIL: gamma-bad (self-run) — unresolvable proof_evidence: docs/runs/does-not-exist.md
proof-status: 1 mission(s) above doctrine-only missing evidence
...FAIL: gamma-bad (self-run) — unresolvable proof_evidence: docs/runs/does-not-exist.md
proof-status: 1 mission(s) above doctrine-only missing evidence
.FAIL: delta-abs (self-run) — unresolvable proof_evidence: /var/folders/65/nfjkpf196n5_xrwbkyrrgqrc0000gn/T/tmpo2c2vp94/external-report.md
FAIL: epsilon-trav (external-run) — unresolvable proof_evidence: ../tmpo2c2vp94/external-report.md
FAIL: gamma-bad (self-run) — unresolvable proof_evidence: docs/runs/does-not-exist.md
proof-status: 3 mission(s) above doctrine-only missing evidence
..........................................................................................................................................................................................................................................................................................................................................................................................................FAIL: manifest must be a JSON object, got list
verify: evidence manifest malformed/unreadable — unit is NOT done
............................................................................................................................FAIL: base_sha 'HEAD' is not a pinned 40-hex commit SHA (a symbolic ref is not immutable)
FAIL: head_sha 'HEAD' is not a pinned 40-hex commit SHA (a symbolic ref is not immutable)
FAIL: base_sha 'HEAD' is not a real commit
FAIL: head_sha 'HEAD' is not a real commit
FAIL: commands ledger: cannot resolve the tree of head_sha (not a real commit here, or not inside a git repo) — the recorded run cannot be bound to content; fail-closed
FAIL: intent packet incomplete — non-empty ['goal', 'ruled_out', 'why'] required (mutation unit)
FAIL: reviewer_mode must be one of ['cross-vendor', 'instructed-isolation', 'same-vendor-fresh'], got None
FAIL: negative_control.tool must be one of ['cargo-mutants', 'cosmic-ray', 'go-mutesting', 'hand', 'mutmut', 'pitest', 'revert', 'stryker'], got None
FAIL: negative_control.result must record the mutant KILLED / the proof going RED
FAIL: negative_control.artifact (an evidence path) is required
FAIL: mutation unit: no pr.number to look up an independent review — unreviewed
verify: 11 invariant(s) failed — unit is NOT done
.................................................................................................
----------------------------------------------------------------------
Ran 1491 tests in 249.986s

OK
bundle: 21 self-contained mission(s) in a temp dir; no reference leaves its directory
bound clean-sweep (self-run) — docs/runs/2026-09-14-clean-sweep-self-run.md
bound prove-it (self-run) — docs/runs/2026-09-16-prove-it-self-run.md
wrote assets/badges/missions.json: 21
wrote assets/badges/tests.json: 1 in source
wrote assets/badges/missions.json: 21
wrote assets/badges/tests.json: 1 in source
wrote assets/badges/missions.json: 21
wrote assets/badges/tests.json: 0 in source
wrote assets/badges/missions.json: 21
wrote assets/badges/tests.json: 1 in source
wrote assets/badges/missions.json: 21
wrote assets/badges/tests.json: 2 in source
wrote assets/badges/missions.json: 21
wrote assets/badges/tests.json: 0 in source
...........................................................................bind-check: base ref 'does-not-exist-anywhere' does not resolve to a merge-base with HEAD
.............................................................................................................................................................................................................................................................................................................................................................................................................................................................................................................................................................................................................................................................................................................................................................................................................................FAIL: gamma-bad (self-run) — unresolvable proof_evidence: docs/runs/does-not-exist.md
proof-status: 1 mission(s) above doctrine-only missing evidence
...FAIL: gamma-bad (self-run) — unresolvable proof_evidence: docs/runs/does-not-exist.md
proof-status: 1 mission(s) above doctrine-only missing evidence
.FAIL: delta-abs (self-run) — unresolvable proof_evidence: /var/folders/65/nfjkpf196n5_xrwbkyrrgqrc0000gn/T/tmp43cp_3d_/external-report.md
FAIL: epsilon-trav (external-run) — unresolvable proof_evidence: ../tmp43cp_3d_/external-report.md
FAIL: gamma-bad (self-run) — unresolvable proof_evidence: docs/runs/does-not-exist.md
proof-status: 3 mission(s) above doctrine-only missing evidence
..........................................................................................................................................................................................................................................................................................................................................................................................................FAIL: manifest must be a JSON object, got list
verify: evidence manifest malformed/unreadable — unit is NOT done
............................................................................................................................FAIL: base_sha 'HEAD' is not a pinned 40-hex commit SHA (a symbolic ref is not immutable)
FAIL: head_sha 'HEAD' is not a pinned 40-hex commit SHA (a symbolic ref is not immutable)
FAIL: base_sha 'HEAD' is not a real commit
FAIL: head_sha 'HEAD' is not a real commit
FAIL: commands ledger: cannot resolve the tree of head_sha (not a real commit here, or not inside a git repo) — the recorded run cannot be bound to content; fail-closed
FAIL: intent packet incomplete — non-empty ['goal', 'ruled_out', 'why'] required (mutation unit)
FAIL: reviewer_mode must be one of ['cross-vendor', 'instructed-isolation', 'same-vendor-fresh'], got None
FAIL: negative_control.tool must be one of ['cargo-mutants', 'cosmic-ray', 'go-mutesting', 'hand', 'mutmut', 'pitest', 'revert', 'stryker'], got None
FAIL: negative_control.result must record the mutant KILLED / the proof going RED
FAIL: negative_control.artifact (an evidence path) is required
FAIL: mutation unit: no pr.number to look up an independent review — unreviewed
verify: 11 invariant(s) failed — unit is NOT done
.................................................................................................
----------------------------------------------------------------------
Ran 1491 tests in 244.853s

OK
bundle: 21 self-contained mission(s) in a temp dir; no reference leaves its directory
bound clean-sweep (self-run) — docs/runs/2026-09-14-clean-sweep-self-run.md
bound prove-it (self-run) — docs/runs/2026-09-16-prove-it-self-run.md
wrote assets/badges/missions.json: 21
wrote assets/badges/tests.json: 1 in source
wrote assets/badges/missions.json: 21
wrote assets/badges/tests.json: 1 in source
wrote assets/badges/missions.json: 21
wrote assets/badges/tests.json: 0 in source
wrote assets/badges/missions.json: 21
wrote assets/badges/tests.json: 1 in source
wrote assets/badges/missions.json: 21
wrote assets/badges/tests.json: 2 in source
wrote assets/badges/missions.json: 21
wrote assets/badges/tests.json: 0 in source
...........................................................................bind-check: base ref 'does-not-exist-anywhere' does not resolve to a merge-base with HEAD
.............................................................................................................................................................................................................................................................................................................................................................................................................................................................................................................................................................................................................................................................................................................................................................................................................................FAIL: gamma-bad (self-run) — unresolvable proof_evidence: docs/runs/does-not-exist.md
proof-status: 1 mission(s) above doctrine-only missing evidence
...FAIL: gamma-bad (self-run) — unresolvable proof_evidence: docs/runs/does-not-exist.md
proof-status: 1 mission(s) above doctrine-only missing evidence
.FAIL: delta-abs (self-run) — unresolvable proof_evidence: /var/folders/65/nfjkpf196n5_xrwbkyrrgqrc0000gn/T/tmp091xy65v/external-report.md
FAIL: epsilon-trav (external-run) — unresolvable proof_evidence: ../tmp091xy65v/external-report.md
FAIL: gamma-bad (self-run) — unresolvable proof_evidence: docs/runs/does-not-exist.md
proof-status: 3 mission(s) above doctrine-only missing evidence
..........................................................................................................................................................................................................................................................................................................................................................................................................FAIL: manifest must be a JSON object, got list
verify: evidence manifest malformed/unreadable — unit is NOT done
............................................................................................................................FAIL: base_sha 'HEAD' is not a pinned 40-hex commit SHA (a symbolic ref is not immutable)
FAIL: head_sha 'HEAD' is not a pinned 40-hex commit SHA (a symbolic ref is not immutable)
FAIL: base_sha 'HEAD' is not a real commit
FAIL: head_sha 'HEAD' is not a real commit
FAIL: commands ledger: cannot resolve the tree of head_sha (not a real commit here, or not inside a git repo) — the recorded run cannot be bound to content; fail-closed
FAIL: intent packet incomplete — non-empty ['goal', 'ruled_out', 'why'] required (mutation unit)
FAIL: reviewer_mode must be one of ['cross-vendor', 'instructed-isolation', 'same-vendor-fresh'], got None
FAIL: negative_control.tool must be one of ['cargo-mutants', 'cosmic-ray', 'go-mutesting', 'hand', 'mutmut', 'pitest', 'revert', 'stryker'], got None
FAIL: negative_control.result must record the mutant KILLED / the proof going RED
FAIL: negative_control.artifact (an evidence path) is required
FAIL: mutation unit: no pr.number to look up an independent review — unreviewed
verify: 11 invariant(s) failed — unit is NOT done
.................................................................................................
----------------------------------------------------------------------
Ran 1491 tests in 248.144s

OK
bundle: 21 self-contained mission(s) in a temp dir; no reference leaves its directory
bound clean-sweep (self-run) — docs/runs/2026-09-14-clean-sweep-self-run.md
bound prove-it (self-run) — docs/runs/2026-09-16-prove-it-self-run.md
wrote assets/badges/missions.json: 21
wrote assets/badges/tests.json: 1 in source
wrote assets/badges/missions.json: 21
wrote assets/badges/tests.json: 1 in source
wrote assets/badges/missions.json: 21
wrote assets/badges/tests.json: 0 in source
wrote assets/badges/missions.json: 21
wrote assets/badges/tests.json: 1 in source
wrote assets/badges/missions.json: 21
wrote assets/badges/tests.json: 2 in source
wrote assets/badges/missions.json: 21
wrote assets/badges/tests.json: 0 in source
...........................................................................bind-check: base ref 'does-not-exist-anywhere' does not resolve to a merge-base with HEAD
.............................................................................................................................................................................................................................................................................................................................................................................................................................................................................................................................................................................................................................................................................................................................................................................................................................FAIL: gamma-bad (self-run) — unresolvable proof_evidence: docs/runs/does-not-exist.md
proof-status: 1 mission(s) above doctrine-only missing evidence
...FAIL: gamma-bad (self-run) — unresolvable proof_evidence: docs/runs/does-not-exist.md
proof-status: 1 mission(s) above doctrine-only missing evidence
.FAIL: delta-abs (self-run) — unresolvable proof_evidence: /var/folders/65/nfjkpf196n5_xrwbkyrrgqrc0000gn/T/tmpomadmji6/external-report.md
FAIL: epsilon-trav (external-run) — unresolvable proof_evidence: ../tmpomadmji6/external-report.md
FAIL: gamma-bad (self-run) — unresolvable proof_evidence: docs/runs/does-not-exist.md
proof-status: 3 mission(s) above doctrine-only missing evidence
..........................................................................................................................................................................................................................................................................................................................................................................................................FAIL: manifest must be a JSON object, got list
verify: evidence manifest malformed/unreadable — unit is NOT done
............................................................................................................................FAIL: base_sha 'HEAD' is not a pinned 40-hex commit SHA (a symbolic ref is not immutable)
FAIL: head_sha 'HEAD' is not a pinned 40-hex commit SHA (a symbolic ref is not immutable)
FAIL: base_sha 'HEAD' is not a real commit
FAIL: head_sha 'HEAD' is not a real commit
FAIL: commands ledger: cannot resolve the tree of head_sha (not a real commit here, or not inside a git repo) — the recorded run cannot be bound to content; fail-closed
FAIL: intent packet incomplete — non-empty ['goal', 'ruled_out', 'why'] required (mutation unit)
FAIL: reviewer_mode must be one of ['cross-vendor', 'instructed-isolation', 'same-vendor-fresh'], got None
FAIL: negative_control.tool must be one of ['cargo-mutants', 'cosmic-ray', 'go-mutesting', 'hand', 'mutmut', 'pitest', 'revert', 'stryker'], got None
FAIL: negative_control.result must record the mutant KILLED / the proof going RED
FAIL: negative_control.artifact (an evidence path) is required
FAIL: mutation unit: no pr.number to look up an independent review — unreviewed
verify: 11 invariant(s) failed — unit is NOT done
.................................................................................................
----------------------------------------------------------------------
Ran 1491 tests in 246.823s

OK
bundle: 21 self-contained mission(s) in a temp dir; no reference leaves its directory
bound clean-sweep (self-run) — docs/runs/2026-09-14-clean-sweep-self-run.md
bound prove-it (self-run) — docs/runs/2026-09-16-prove-it-self-run.md
wrote assets/badges/missions.json: 21
wrote assets/badges/tests.json: 1 in source
wrote assets/badges/missions.json: 21
wrote assets/badges/tests.json: 1 in source
wrote assets/badges/missions.json: 21
wrote assets/badges/tests.json: 0 in source
wrote assets/badges/missions.json: 21
wrote assets/badges/tests.json: 1 in source
wrote assets/badges/missions.json: 21
wrote assets/badges/tests.json: 2 in source
wrote assets/badges/missions.json: 21
wrote assets/badges/tests.json: 0 in source
STREAK-full end 2026-09-16T11:59:13Z HEAD=5bd2672f074b6656c6bc7becce43fc50fefd79d1 pass=10 fail=0 consecutive_green=10
